#
# There is insufficient memory for the Java Runtime Environment to continue.
# Native memory allocation (malloc) failed to allocate 1040096 bytes. Error detail: Chunk::new
# Possible reasons:
#   The system is out of physical RAM or swap space
#   This process is running with CompressedOops enabled, and the Java Heap may be blocking the growth of the native heap
# Possible solutions:
#   Reduce memory load on the system
#   Increase physical memory or swap space
#   Check if swap backing store is full
#   Decrease Java heap size (-Xmx/-Xms)
#   Decrease number of Java threads
#   Decrease Java thread stack sizes (-Xss)
#   Set larger code cache with -XX:ReservedCodeCacheSize=
#   JVM is running with Unscaled Compressed Oops mode in which the Java heap is
#     placed in the first 4GB address space. The Java Heap base address is the
#     maximum limit for the native heap growth. Please use -XX:HeapBaseMinAddress
#     to set the Java Heap base and to place the Java Heap above 4GB virtual address.
# This output file may be truncated or incomplete.
#
#  Out of Memory Error (arena.cpp:168), pid=9116, tid=15324
#
# JRE version: OpenJDK Runtime Environment Temurin-21.0.8+9 (21.0.8+9) (build 21.0.8+9-LTS)
# Java VM: OpenJDK 64-Bit Server VM Temurin-21.0.8+9 (21.0.8+9-LTS, mixed mode, sharing, tiered, compressed oops, compressed class ptrs, parallel gc, windows-amd64)
# No core dump will be written. Minidumps are not enabled by default on client versions of Windows
#

---------------  S U M M A R Y ------------

Command Line: --add-modules=ALL-SYSTEM --add-opens=java.base/java.util=ALL-UNNAMED --add-opens=java.base/java.lang=ALL-UNNAMED --add-opens=java.base/sun.nio.fs=ALL-UNNAMED -Declipse.application=org.eclipse.jdt.ls.core.id1 -Dosgi.bundles.defaultStartLevel=4 -Declipse.product=org.eclipse.jdt.ls.core.product -Djava.import.generatesMetadataFilesAtProjectRoot=false -DDetectVMInstallationsJob.disabled=true -Dfile.encoding=utf8 -XX:+UseParallelGC -XX:GCTimeRatio=4 -XX:AdaptiveSizePolicyWeight=90 -Dsun.zip.disableMemoryMapping=true -Xmx2G -Xms100m -Xlog:disable -javaagent:c:\Users\name\.vscode\extensions\redhat.java-1.46.0-win32-x64\lombok\lombok-1.18.39-4050.jar -XX:+HeapDumpOnOutOfMemoryError -XX:HeapDumpPath=c:\Users\name\AppData\Roaming\Code\User\workspaceStorage\c410a81d827806d535e6576b0dcfe359\redhat.java -Daether.dependencyCollector.impl=bf c:\Users\name\.vscode\extensions\redhat.java-1.46.0-win32-x64\server\plugins\org.eclipse.equinox.launcher_1.7.0.v20250519-0528.jar -configuration c:\Users\name\AppData\Roaming\Code\User\globalStorage\redhat.java\1.46.0\config_win -data c:\Users\name\AppData\Roaming\Code\User\workspaceStorage\c410a81d827806d535e6576b0dcfe359\redhat.java\jdt_ws --pipe=\\.\pipe\lsp-19058a5b96509a1e1b4b246655609b12-sock

Host: AMD Ryzen 5 5600H with Radeon Graphics         , 12 cores, 7G,  Windows 11 , 64 bit Build 22621 (10.0.22621.5415)
Time: Tue Oct 28 20:30:42 2025 SE Asia Standard Time elapsed time: 11.946280 seconds (0d 0h 0m 11s)

---------------  T H R E A D  ---------------

Current thread (0x000002166dd229f0):  JavaThread "C2 CompilerThread1" daemon [_thread_in_native, id=15324, stack(0x00000028b8500000,0x00000028b8600000) (1024K)]


Current CompileTask:
C2:11946 7418       4       java.lang.invoke.MemberName::getMethodOrFieldType (72 bytes)

Stack: [0x00000028b8500000,0x00000028b8600000]
Native frames: (J=compiled Java code, j=interpreted, Vv=VM code, C=native code)
V  [jvm.dll+0x6d2449]
V  [jvm.dll+0x8ae341]
V  [jvm.dll+0x8b08be]
V  [jvm.dll+0x8b0fa3]
V  [jvm.dll+0x280c96]
V  [jvm.dll+0xc581d]
V  [jvm.dll+0xc5d53]
V  [jvm.dll+0x2f539d]
V  [jvm.dll+0x5fa00a]
V  [jvm.dll+0x252092]
V  [jvm.dll+0x25244f]
V  [jvm.dll+0x24ad14]
V  [jvm.dll+0x2483a4]
V  [jvm.dll+0x1c89ee]
V  [jvm.dll+0x257d4d]
V  [jvm.dll+0x2562ea]
V  [jvm.dll+0x3f2d16]
V  [jvm.dll+0x857e6b]
V  [jvm.dll+0x6d0b0d]
C  [ucrtbase.dll+0x29333]
C  [KERNEL32.DLL+0x1259d]
C  [ntdll.dll+0x5af78]


---------------  P R O C E S S  ---------------

Threads class SMR info:
_java_thread_list=0x000002166dcc70b0, length=48, elements={
0x000002164d5a2020, 0x000002166a0044b0, 0x000002164d54ca20, 0x000002166a006a60,
0x000002166a0082c0, 0x000002166a00aba0, 0x000002166a00ee20, 0x000002166a012820,
0x000002166a018810, 0x000002166a0e06a0, 0x000002166a2a29a0, 0x000002166a6bb190,
0x000002166a845370, 0x000002166ab1e3a0, 0x000002166aaaf610, 0x000002166ae12620,
0x000002166af3e7f0, 0x000002166b2f9520, 0x000002166b2fa8d0, 0x000002166b2f8e90,
0x000002166b2fa240, 0x000002166b2f8800, 0x000002166b2f7450, 0x000002166b2f8170,
0x000002166b2f9bb0, 0x000002166c73ae20, 0x000002166c73c860, 0x000002166c73d580,
0x000002166c73dc10, 0x000002166c73b4b0, 0x000002166c73e930, 0x000002166c7393e0,
0x000002166c73e2a0, 0x000002166c739a70, 0x000002166c73a100, 0x000002166c73a790,
0x000002166c73bb40, 0x000002166c73c1d0, 0x000002166c73cef0, 0x000002166c73efc0,
0x000002166c73f650, 0x000002166c7386c0, 0x000002166c73fce0, 0x000002166db91630,
0x000002166db91cc0, 0x000002166dd229f0, 0x000002166db90fa0, 0x000002166db92350
}

Java Threads: ( => current thread )
  0x000002164d5a2020 JavaThread "main"                              [_thread_blocked, id=25556, stack(0x00000028b6300000,0x00000028b6400000) (1024K)]
  0x000002166a0044b0 JavaThread "Reference Handler"          daemon [_thread_blocked, id=16788, stack(0x00000028b6700000,0x00000028b6800000) (1024K)]
  0x000002164d54ca20 JavaThread "Finalizer"                  daemon [_thread_blocked, id=11724, stack(0x00000028b6800000,0x00000028b6900000) (1024K)]
  0x000002166a006a60 JavaThread "Signal Dispatcher"          daemon [_thread_blocked, id=23180, stack(0x00000028b6900000,0x00000028b6a00000) (1024K)]
  0x000002166a0082c0 JavaThread "Attach Listener"            daemon [_thread_blocked, id=9500, stack(0x00000028b6a00000,0x00000028b6b00000) (1024K)]
  0x000002166a00aba0 JavaThread "Service Thread"             daemon [_thread_blocked, id=24236, stack(0x00000028b6b00000,0x00000028b6c00000) (1024K)]
  0x000002166a00ee20 JavaThread "Monitor Deflation Thread"   daemon [_thread_blocked, id=22012, stack(0x00000028b6c00000,0x00000028b6d00000) (1024K)]
  0x000002166a012820 JavaThread "C2 CompilerThread0"         daemon [_thread_in_native, id=11632, stack(0x00000028b6d00000,0x00000028b6e00000) (1024K)]
  0x000002166a018810 JavaThread "C1 CompilerThread0"         daemon [_thread_blocked, id=25968, stack(0x00000028b6e00000,0x00000028b6f00000) (1024K)]
  0x000002166a0e06a0 JavaThread "Common-Cleaner"             daemon [_thread_blocked, id=24752, stack(0x00000028b6f00000,0x00000028b7000000) (1024K)]
  0x000002166a2a29a0 JavaThread "Notification Thread"        daemon [_thread_blocked, id=23532, stack(0x00000028b7000000,0x00000028b7100000) (1024K)]
  0x000002166a6bb190 JavaThread "Active Thread: Equinox Container: d91e3489-c8d1-41a1-98d3-cc0e2e1028bb"        [_thread_blocked, id=25608, stack(0x00000028b7700000,0x00000028b7800000) (1024K)]
  0x000002166a845370 JavaThread "Refresh Thread: Equinox Container: d91e3489-c8d1-41a1-98d3-cc0e2e1028bb" daemon [_thread_blocked, id=21744, stack(0x00000028b7800000,0x00000028b7900000) (1024K)]
  0x000002166ab1e3a0 JavaThread "Framework Event Dispatcher: Equinox Container: d91e3489-c8d1-41a1-98d3-cc0e2e1028bb" daemon [_thread_blocked, id=24768, stack(0x00000028b7a00000,0x00000028b7b00000) (1024K)]
  0x000002166aaaf610 JavaThread "Start Level: Equinox Container: d91e3489-c8d1-41a1-98d3-cc0e2e1028bb" daemon [_thread_blocked, id=14804, stack(0x00000028b7b00000,0x00000028b7c00000) (1024K)]
  0x000002166ae12620 JavaThread "Bundle File Closer"         daemon [_thread_blocked, id=20848, stack(0x00000028b7e00000,0x00000028b7f00000) (1024K)]
  0x000002166af3e7f0 JavaThread "SCR Component Actor"        daemon [_thread_blocked, id=22068, stack(0x00000028b7f00000,0x00000028b8000000) (1024K)]
  0x000002166b2f9520 JavaThread "Worker-JM"                         [_thread_blocked, id=1692, stack(0x00000028b8000000,0x00000028b8100000) (1024K)]
  0x000002166b2fa8d0 JavaThread "JNA Cleaner"                daemon [_thread_blocked, id=22356, stack(0x00000028b8100000,0x00000028b8200000) (1024K)]
  0x000002166b2f8e90 JavaThread "Worker-0"                          [_thread_blocked, id=18416, stack(0x00000028b8200000,0x00000028b8300000) (1024K)]
  0x000002166b2fa240 JavaThread "Worker-1"                          [_thread_blocked, id=23812, stack(0x00000028b8300000,0x00000028b8400000) (1024K)]
  0x000002166b2f8800 JavaThread "Worker-2"                          [_thread_blocked, id=24252, stack(0x00000028b8400000,0x00000028b8500000) (1024K)]
  0x000002166b2f7450 JavaThread "Worker-3"                          [_thread_blocked, id=21724, stack(0x00000028b8600000,0x00000028b8700000) (1024K)]
  0x000002166b2f8170 JavaThread "Java indexing"              daemon [_thread_blocked, id=26344, stack(0x00000028b8700000,0x00000028b8800000) (1024K)]
  0x000002166b2f9bb0 JavaThread "Worker-4"                          [_thread_blocked, id=26112, stack(0x00000028b8800000,0x00000028b8900000) (1024K)]
  0x000002166c73ae20 JavaThread "Worker-5: Initialize Workspace"        [_thread_blocked, id=23788, stack(0x00000028b8900000,0x00000028b8a00000) (1024K)]
  0x000002166c73c860 JavaThread "Worker-6"                          [_thread_blocked, id=11544, stack(0x00000028b8a00000,0x00000028b8b00000) (1024K)]
  0x000002166c73d580 JavaThread "Thread-1"                   daemon [_thread_in_native, id=16836, stack(0x00000028b8b00000,0x00000028b8c00000) (1024K)]
  0x000002166c73dc10 JavaThread "Thread-2"                   daemon [_thread_in_native, id=24092, stack(0x00000028b8c00000,0x00000028b8d00000) (1024K)]
  0x000002166c73b4b0 JavaThread "Thread-3"                   daemon [_thread_in_native, id=21868, stack(0x00000028b8d00000,0x00000028b8e00000) (1024K)]
  0x000002166c73e930 JavaThread "Thread-4"                   daemon [_thread_in_native, id=23760, stack(0x00000028b8e00000,0x00000028b8f00000) (1024K)]
  0x000002166c7393e0 JavaThread "Thread-5"                   daemon [_thread_in_native, id=24632, stack(0x00000028b8f00000,0x00000028b9000000) (1024K)]
  0x000002166c73e2a0 JavaThread "Thread-6"                   daemon [_thread_in_native, id=24536, stack(0x00000028b9000000,0x00000028b9100000) (1024K)]
  0x000002166c739a70 JavaThread "Thread-7"                   daemon [_thread_in_native, id=14856, stack(0x00000028b9100000,0x00000028b9200000) (1024K)]
  0x000002166c73a100 JavaThread "Thread-8"                   daemon [_thread_in_native, id=9312, stack(0x00000028b9200000,0x00000028b9300000) (1024K)]
  0x000002166c73a790 JavaThread "Thread-9"                   daemon [_thread_in_native, id=24272, stack(0x00000028b9300000,0x00000028b9400000) (1024K)]
  0x000002166c73bb40 JavaThread "Thread-10"                  daemon [_thread_in_native, id=624, stack(0x00000028b9400000,0x00000028b9500000) (1024K)]
  0x000002166c73c1d0 JavaThread "Thread-11"                  daemon [_thread_in_native, id=25116, stack(0x00000028b9500000,0x00000028b9600000) (1024K)]
  0x000002166c73cef0 JavaThread "Thread-12"                  daemon [_thread_in_native, id=10828, stack(0x00000028b9600000,0x00000028b9700000) (1024K)]
  0x000002166c73efc0 JavaThread "Thread-13"                  daemon [_thread_in_native, id=7796, stack(0x00000028b9700000,0x00000028b9800000) (1024K)]
  0x000002166c73f650 JavaThread "pool-2-thread-1"                   [_thread_blocked, id=18872, stack(0x00000028b9800000,0x00000028b9900000) (1024K)]
  0x000002166c7386c0 JavaThread "WorkspaceEventsHandler"            [_thread_blocked, id=20652, stack(0x00000028b9900000,0x00000028b9a00000) (1024K)]
  0x000002166c73fce0 JavaThread "pool-1-thread-1"                   [_thread_blocked, id=13596, stack(0x00000028b9a00000,0x00000028b9b00000) (1024K)]
  0x000002166db91630 JavaThread "ForkJoinPool.commonPool-worker-1" daemon [_thread_blocked, id=22724, stack(0x00000028b9b00000,0x00000028b9c00000) (1024K)]
  0x000002166db91cc0 JavaThread "ForkJoinPool.commonPool-worker-2" daemon [_thread_blocked, id=13752, stack(0x00000028b9c00000,0x00000028b9d00000) (1024K)]
=>0x000002166dd229f0 JavaThread "C2 CompilerThread1"         daemon [_thread_in_native, id=15324, stack(0x00000028b8500000,0x00000028b8600000) (1024K)]
  0x000002166db90fa0 JavaThread "Timer-0"                           [_thread_blocked, id=22268, stack(0x00000028b9d00000,0x00000028b9e00000) (1024K)]
  0x000002166db92350 JavaThread "Connection worker"                 [_thread_in_Java, id=24232, stack(0x00000028b9e00000,0x00000028b9f00000) (1024K)]
Total: 48

Other Threads:
  0x000002164d535840 VMThread "VM Thread"                           [id=25120, stack(0x00000028b6600000,0x00000028b6700000) (1024K)]
  0x000002164d42ca10 WatcherThread "VM Periodic Task Thread"        [id=25920, stack(0x00000028b6500000,0x00000028b6600000) (1024K)]
  0x000002164d5c23a0 WorkerThread "GC Thread#0"                     [id=20260, stack(0x00000028b6400000,0x00000028b6500000) (1024K)]
  0x000002166a69c1a0 WorkerThread "GC Thread#1"                     [id=25540, stack(0x00000028b7100000,0x00000028b7200000) (1024K)]
  0x000002166a69c540 WorkerThread "GC Thread#2"                     [id=7632, stack(0x00000028b7200000,0x00000028b7300000) (1024K)]
  0x000002166a4e1df0 WorkerThread "GC Thread#3"                     [id=23352, stack(0x00000028b7300000,0x00000028b7400000) (1024K)]
  0x000002166a4e2190 WorkerThread "GC Thread#4"                     [id=13548, stack(0x00000028b7400000,0x00000028b7500000) (1024K)]
  0x000002166a4e2530 WorkerThread "GC Thread#5"                     [id=9660, stack(0x00000028b7500000,0x00000028b7600000) (1024K)]
  0x000002166a4e28d0 WorkerThread "GC Thread#6"                     [id=26584, stack(0x00000028b7600000,0x00000028b7700000) (1024K)]
  0x000002166a5726a0 WorkerThread "GC Thread#7"                     [id=18996, stack(0x00000028b7900000,0x00000028b7a00000) (1024K)]
  0x000002166ab43270 WorkerThread "GC Thread#8"                     [id=24872, stack(0x00000028b7c00000,0x00000028b7d00000) (1024K)]
  0x000002166ab440f0 WorkerThread "GC Thread#9"                     [id=25452, stack(0x00000028b7d00000,0x00000028b7e00000) (1024K)]
Total: 12

Threads with active compile tasks:
C2 CompilerThread0  11974 7465       4       java.lang.invoke.MethodType::methodType (69 bytes)
C2 CompilerThread1  11974 7418       4       java.lang.invoke.MemberName::getMethodOrFieldType (72 bytes)
Total: 2

VM state: not at safepoint (normal execution)

VM Mutex/Monitor currently owned by a thread: None

Heap address: 0x0000000080000000, size: 2048 MB, Compressed Oops mode: 32-bit

CDS archive(s) mapped at: [0x0000021600000000-0x0000021600ba0000-0x0000021600ba0000), size 12189696, SharedBaseAddress: 0x0000021600000000, ArchiveRelocationMode: 1.
Compressed class space mapped at: 0x0000021601000000-0x0000021641000000, reserved size: 1073741824
Narrow klass base: 0x0000021600000000, Narrow klass shift: 0, Narrow klass range: 0x100000000

GC Precious Log:
 CardTable entry size: 512
 CPUs: 12 total, 12 available
 Memory: 7532M
 Large Page Support: Disabled
 NUMA Support: Disabled
 Compressed Oops: Enabled (32-bit)
 Alignments: Space 512K, Generation 512K, Heap 2M
 Heap Min Capacity: 100M
 Heap Initial Capacity: 100M
 Heap Max Capacity: 2G
 Pre-touch: Disabled
 Parallel Workers: 10

Heap:
 PSYoungGen      total 20480K, used 1584K [0x00000000d5580000, 0x00000000d6e80000, 0x0000000100000000)
  eden space 19456K, 3% used [0x00000000d5580000,0x00000000d5638280,0x00000000d6880000)
  from space 1024K, 82% used [0x00000000d6880000,0x00000000d6954010,0x00000000d6980000)
  to   space 2560K, 0% used [0x00000000d6c00000,0x00000000d6c00000,0x00000000d6e80000)
 ParOldGen       total 68608K, used 54475K [0x0000000080000000, 0x0000000084300000, 0x00000000d5580000)
  object space 68608K, 79% used [0x0000000080000000,0x0000000083532ee0,0x0000000084300000)
 Metaspace       used 54974K, committed 56320K, reserved 1114112K
  class space    used 6424K, committed 7040K, reserved 1048576K

Card table byte_map: [0x000002164cf40000,0x000002164d350000] _byte_map_base: 0x000002164cb40000

Marking Bits: (ParMarkBitMap*) 0x00007fffc3ada340
 Begin Bits: [0x000002165fa40000, 0x0000021661a40000)
 End Bits:   [0x0000021661a40000, 0x0000021663a40000)

Polling page: 0x000002164b400000

Metaspace:

Usage:
  Non-class:     47.41 MB used.
      Class:      6.27 MB used.
       Both:     53.69 MB used.

Virtual space:
  Non-class space:       64.00 MB reserved,      48.12 MB ( 75%) committed,  1 nodes.
      Class space:        1.00 GB reserved,       6.88 MB ( <1%) committed,  1 nodes.
             Both:        1.06 GB reserved,      55.00 MB (  5%) committed. 

Chunk freelists:
   Non-Class:  15.41 MB
       Class:  9.09 MB
        Both:  24.50 MB

MaxMetaspaceSize: unlimited
CompressedClassSpaceSize: 1.00 GB
Initial GC threshold: 21.00 MB
Current GC threshold: 58.38 MB
CDS: on
 - commit_granule_bytes: 65536.
 - commit_granule_words: 8192.
 - virtual_space_node_default_size: 8388608.
 - enlarge_chunks_in_place: 1.
 - use_allocation_guard: 0.


Internal statistics:

num_allocs_failed_limit: 6.
num_arena_births: 974.
num_arena_deaths: 14.
num_vsnodes_births: 2.
num_vsnodes_deaths: 0.
num_space_committed: 880.
num_space_uncommitted: 0.
num_chunks_returned_to_freelist: 20.
num_chunks_taken_from_freelist: 3445.
num_chunk_merges: 12.
num_chunk_splits: 2160.
num_chunks_enlarged: 1303.
num_inconsistent_stats: 0.

CodeHeap 'non-profiled nmethods': size=120000Kb used=3642Kb max_used=3642Kb free=116357Kb
 bounds [0x0000021658260000, 0x00000216585f0000, 0x000002165f790000]
CodeHeap 'profiled nmethods': size=120000Kb used=13814Kb max_used=13814Kb free=106185Kb
 bounds [0x0000021650790000, 0x0000021651510000, 0x0000021657cc0000]
CodeHeap 'non-nmethods': size=5760Kb used=1382Kb max_used=1446Kb free=4377Kb
 bounds [0x0000021657cc0000, 0x0000021657f30000, 0x0000021658260000]
CodeCache: size=245760Kb, used=18838Kb, max_used=18902Kb, free=226919Kb
 total_blobs=7664, nmethods=6981, adapters=589, full_count=0
Compilation: enabled, stopped_count=0, restarted_count=0

Compilation events (20 events):
Event: 11.879 Thread 0x000002166a018810 7484       1       java.lang.invoke.LambdaForm$BasicType::basicTypeChar (5 bytes)
Event: 11.879 Thread 0x000002166a018810 nmethod 7484 0x00000216585edf90 code [0x00000216585ee120, 0x00000216585ee1f0]
Event: 11.879 Thread 0x000002166a018810 7488       3       java.lang.invoke.LambdaFormBuffer::insertParameter (30 bytes)
Event: 11.879 Thread 0x000002166a018810 nmethod 7488 0x00000216514fff90 code [0x0000021651500140, 0x0000021651500298]
Event: 11.879 Thread 0x000002166a018810 7489       1       java.lang.invoke.MethodHandleImpl$IntrinsicMethodHandle::intrinsicName (5 bytes)
Event: 11.880 Thread 0x000002166a018810 nmethod 7489 0x00000216585ee590 code [0x00000216585ee720, 0x00000216585ee7e8]
Event: 11.894 Thread 0x000002166a018810 7490       3       org.eclipse.core.runtime.jobs.Job::wakeUp (6 bytes)
Event: 11.894 Thread 0x000002166a018810 nmethod 7490 0x0000021651500390 code [0x0000021651500540, 0x0000021651500710]
Event: 11.894 Thread 0x000002166a018810 7491       3       org.eclipse.core.internal.jobs.InternalJob::wakeUp (9 bytes)
Event: 11.894 Thread 0x000002166a018810 nmethod 7491 0x0000021651500810 code [0x00000216515009c0, 0x0000021651500b28]
Event: 11.894 Thread 0x000002166a018810 7492       3       org.eclipse.core.internal.jobs.JobManager$$Lambda/0x0000021601203a08::<init> (20 bytes)
Event: 11.894 Thread 0x000002166a018810 nmethod 7492 0x0000021651500c10 code [0x0000021651500dc0, 0x0000021651500f60]
Event: 11.899 Thread 0x000002166a018810 7493       1       org.gradle.internal.service.DefaultServiceRegistry::access$500 (5 bytes)
Event: 11.899 Thread 0x000002166a018810 nmethod 7493 0x00000216585ee890 code [0x00000216585eea20, 0x00000216585eead0]
Event: 11.904 Thread 0x000002166a018810 7494   !   3       org.eclipse.osgi.internal.loader.classpath.ClasspathManager::findClassImpl (343 bytes)
Event: 11.910 Thread 0x000002166a018810 nmethod 7494 0x0000021651501010 code [0x0000021651501a00, 0x0000021651506d88]
Event: 11.912 Thread 0x000002166a018810 7496   !   2       org.eclipse.osgi.internal.loader.BundleLoader::findLocalClass (166 bytes)
Event: 11.913 Thread 0x000002166a018810 nmethod 7496 0x0000021651508d10 code [0x0000021651509060, 0x0000021651509b78]
Event: 11.923 Thread 0x000002166a018810 7497       3       java.lang.Class::getGenericInfo (52 bytes)
Event: 11.924 Thread 0x000002166a018810 nmethod 7497 0x000002165150a490 code [0x000002165150a720, 0x000002165150b310]

GC Heap History (20 events):
Event: 8.203 GC heap before
{Heap before GC invocations=25 (full 2):
 PSYoungGen      total 23040K, used 23040K [0x00000000d5580000, 0x00000000d7300000, 0x0000000100000000)
  eden space 21504K, 100% used [0x00000000d5580000,0x00000000d6a80000,0x00000000d6a80000)
  from space 1536K, 100% used [0x00000000d6e80000,0x00000000d7000000,0x00000000d7000000)
  to   space 4096K, 0% used [0x00000000d6a80000,0x00000000d6a80000,0x00000000d6e80000)
 ParOldGen       total 68608K, used 31460K [0x0000000080000000, 0x0000000084300000, 0x00000000d5580000)
  object space 68608K, 45% used [0x0000000080000000,0x0000000081eb9300,0x0000000084300000)
 Metaspace       used 42818K, committed 44032K, reserved 1114112K
  class space    used 4603K, committed 5120K, reserved 1048576K
}
Event: 8.208 GC heap after
{Heap after GC invocations=25 (full 2):
 PSYoungGen      total 24064K, used 2080K [0x00000000d5580000, 0x00000000d7080000, 0x0000000100000000)
  eden space 21504K, 0% used [0x00000000d5580000,0x00000000d5580000,0x00000000d6a80000)
  from space 2560K, 81% used [0x00000000d6a80000,0x00000000d6c88010,0x00000000d6d00000)
  to   space 3072K, 0% used [0x00000000d6d80000,0x00000000d6d80000,0x00000000d7080000)
 ParOldGen       total 68608K, used 33004K [0x0000000080000000, 0x0000000084300000, 0x00000000d5580000)
  object space 68608K, 48% used [0x0000000080000000,0x000000008203b300,0x0000000084300000)
 Metaspace       used 42818K, committed 44032K, reserved 1114112K
  class space    used 4603K, committed 5120K, reserved 1048576K
}
Event: 8.272 GC heap before
{Heap before GC invocations=26 (full 2):
 PSYoungGen      total 24064K, used 23584K [0x00000000d5580000, 0x00000000d7080000, 0x0000000100000000)
  eden space 21504K, 100% used [0x00000000d5580000,0x00000000d6a80000,0x00000000d6a80000)
  from space 2560K, 81% used [0x00000000d6a80000,0x00000000d6c88010,0x00000000d6d00000)
  to   space 3072K, 0% used [0x00000000d6d80000,0x00000000d6d80000,0x00000000d7080000)
 ParOldGen       total 68608K, used 33004K [0x0000000080000000, 0x0000000084300000, 0x00000000d5580000)
  object space 68608K, 48% used [0x0000000080000000,0x000000008203b300,0x0000000084300000)
 Metaspace       used 43146K, committed 44416K, reserved 1114112K
  class space    used 4642K, committed 5184K, reserved 1048576K
}
Event: 8.275 GC heap after
{Heap after GC invocations=26 (full 2):
 PSYoungGen      total 23552K, used 1824K [0x00000000d5580000, 0x00000000d6f80000, 0x0000000100000000)
  eden space 21504K, 0% used [0x00000000d5580000,0x00000000d5580000,0x00000000d6a80000)
  from space 2048K, 89% used [0x00000000d6d80000,0x00000000d6f48000,0x00000000d6f80000)
  to   space 2048K, 0% used [0x00000000d6b80000,0x00000000d6b80000,0x00000000d6d80000)
 ParOldGen       total 68608K, used 34900K [0x0000000080000000, 0x0000000084300000, 0x00000000d5580000)
  object space 68608K, 50% used [0x0000000080000000,0x0000000082215010,0x0000000084300000)
 Metaspace       used 43146K, committed 44416K, reserved 1114112K
  class space    used 4642K, committed 5184K, reserved 1048576K
}
Event: 8.566 GC heap before
{Heap before GC invocations=27 (full 2):
 PSYoungGen      total 23552K, used 23328K [0x00000000d5580000, 0x00000000d6f80000, 0x0000000100000000)
  eden space 21504K, 100% used [0x00000000d5580000,0x00000000d6a80000,0x00000000d6a80000)
  from space 2048K, 89% used [0x00000000d6d80000,0x00000000d6f48000,0x00000000d6f80000)
  to   space 2048K, 0% used [0x00000000d6b80000,0x00000000d6b80000,0x00000000d6d80000)
 ParOldGen       total 68608K, used 34900K [0x0000000080000000, 0x0000000084300000, 0x00000000d5580000)
  object space 68608K, 50% used [0x0000000080000000,0x0000000082215010,0x0000000084300000)
 Metaspace       used 44984K, committed 46208K, reserved 1114112K
  class space    used 4887K, committed 5376K, reserved 1048576K
}
Event: 8.569 GC heap after
{Heap after GC invocations=27 (full 2):
 PSYoungGen      total 23552K, used 1696K [0x00000000d5580000, 0x00000000d6e80000, 0x0000000100000000)
  eden space 21504K, 0% used [0x00000000d5580000,0x00000000d5580000,0x00000000d6a80000)
  from space 2048K, 82% used [0x00000000d6b80000,0x00000000d6d28000,0x00000000d6d80000)
  to   space 1024K, 0% used [0x00000000d6d80000,0x00000000d6d80000,0x00000000d6e80000)
 ParOldGen       total 68608K, used 36600K [0x0000000080000000, 0x0000000084300000, 0x00000000d5580000)
  object space 68608K, 53% used [0x0000000080000000,0x00000000823be220,0x0000000084300000)
 Metaspace       used 44984K, committed 46208K, reserved 1114112K
  class space    used 4887K, committed 5376K, reserved 1048576K
}
Event: 9.619 GC heap before
{Heap before GC invocations=28 (full 2):
 PSYoungGen      total 23552K, used 23200K [0x00000000d5580000, 0x00000000d6e80000, 0x0000000100000000)
  eden space 21504K, 100% used [0x00000000d5580000,0x00000000d6a80000,0x00000000d6a80000)
  from space 2048K, 82% used [0x00000000d6b80000,0x00000000d6d28000,0x00000000d6d80000)
  to   space 1024K, 0% used [0x00000000d6d80000,0x00000000d6d80000,0x00000000d6e80000)
 ParOldGen       total 68608K, used 36600K [0x0000000080000000, 0x0000000084300000, 0x00000000d5580000)
  object space 68608K, 53% used [0x0000000080000000,0x00000000823be220,0x0000000084300000)
 Metaspace       used 47094K, committed 48320K, reserved 1114112K
  class space    used 5131K, committed 5632K, reserved 1048576K
}
Event: 9.622 GC heap after
{Heap after GC invocations=28 (full 2):
 PSYoungGen      total 22528K, used 960K [0x00000000d5580000, 0x00000000d6e80000, 0x0000000100000000)
  eden space 21504K, 0% used [0x00000000d5580000,0x00000000d5580000,0x00000000d6a80000)
  from space 1024K, 93% used [0x00000000d6d80000,0x00000000d6e70000,0x00000000d6e80000)
  to   space 1536K, 0% used [0x00000000d6b80000,0x00000000d6b80000,0x00000000d6d00000)
 ParOldGen       total 68608K, used 38144K [0x0000000080000000, 0x0000000084300000, 0x00000000d5580000)
  object space 68608K, 55% used [0x0000000080000000,0x0000000082540220,0x0000000084300000)
 Metaspace       used 47094K, committed 48320K, reserved 1114112K
  class space    used 5131K, committed 5632K, reserved 1048576K
}
Event: 10.289 GC heap before
{Heap before GC invocations=29 (full 2):
 PSYoungGen      total 22528K, used 22464K [0x00000000d5580000, 0x00000000d6e80000, 0x0000000100000000)
  eden space 21504K, 100% used [0x00000000d5580000,0x00000000d6a80000,0x00000000d6a80000)
  from space 1024K, 93% used [0x00000000d6d80000,0x00000000d6e70000,0x00000000d6e80000)
  to   space 1536K, 0% used [0x00000000d6b80000,0x00000000d6b80000,0x00000000d6d00000)
 ParOldGen       total 68608K, used 38144K [0x0000000080000000, 0x0000000084300000, 0x00000000d5580000)
  object space 68608K, 55% used [0x0000000080000000,0x0000000082540220,0x0000000084300000)
 Metaspace       used 49579K, committed 50880K, reserved 1114112K
  class space    used 5470K, committed 6080K, reserved 1048576K
}
Event: 10.293 GC heap after
{Heap after GC invocations=29 (full 2):
 PSYoungGen      total 23040K, used 1264K [0x00000000d5580000, 0x00000000d6e00000, 0x0000000100000000)
  eden space 21504K, 0% used [0x00000000d5580000,0x00000000d5580000,0x00000000d6a80000)
  from space 1536K, 82% used [0x00000000d6b80000,0x00000000d6cbc020,0x00000000d6d00000)
  to   space 1024K, 0% used [0x00000000d6d00000,0x00000000d6d00000,0x00000000d6e00000)
 ParOldGen       total 68608K, used 38921K [0x0000000080000000, 0x0000000084300000, 0x00000000d5580000)
  object space 68608K, 56% used [0x0000000080000000,0x0000000082602648,0x0000000084300000)
 Metaspace       used 49579K, committed 50880K, reserved 1114112K
  class space    used 5470K, committed 6080K, reserved 1048576K
}
Event: 10.598 GC heap before
{Heap before GC invocations=30 (full 2):
 PSYoungGen      total 23040K, used 22768K [0x00000000d5580000, 0x00000000d6e00000, 0x0000000100000000)
  eden space 21504K, 100% used [0x00000000d5580000,0x00000000d6a80000,0x00000000d6a80000)
  from space 1536K, 82% used [0x00000000d6b80000,0x00000000d6cbc020,0x00000000d6d00000)
  to   space 1024K, 0% used [0x00000000d6d00000,0x00000000d6d00000,0x00000000d6e00000)
 ParOldGen       total 68608K, used 38921K [0x0000000080000000, 0x0000000084300000, 0x00000000d5580000)
  object space 68608K, 56% used [0x0000000080000000,0x0000000082602648,0x0000000084300000)
 Metaspace       used 50705K, committed 52032K, reserved 1114112K
  class space    used 5668K, committed 6272K, reserved 1048576K
}
Event: 10.608 GC heap after
{Heap after GC invocations=30 (full 2):
 PSYoungGen      total 22528K, used 998K [0x00000000d5580000, 0x00000000d6e00000, 0x0000000100000000)
  eden space 21504K, 0% used [0x00000000d5580000,0x00000000d5580000,0x00000000d6a80000)
  from space 1024K, 97% used [0x00000000d6d00000,0x00000000d6df9a00,0x00000000d6e00000)
  to   space 1536K, 0% used [0x00000000d6b80000,0x00000000d6b80000,0x00000000d6d00000)
 ParOldGen       total 68608K, used 47601K [0x0000000080000000, 0x0000000084300000, 0x00000000d5580000)
  object space 68608K, 69% used [0x0000000080000000,0x0000000082e7c4f0,0x0000000084300000)
 Metaspace       used 50705K, committed 52032K, reserved 1114112K
  class space    used 5668K, committed 6272K, reserved 1048576K
}
Event: 10.974 GC heap before
{Heap before GC invocations=31 (full 2):
 PSYoungGen      total 22528K, used 22502K [0x00000000d5580000, 0x00000000d6e00000, 0x0000000100000000)
  eden space 21504K, 100% used [0x00000000d5580000,0x00000000d6a80000,0x00000000d6a80000)
  from space 1024K, 97% used [0x00000000d6d00000,0x00000000d6df9a00,0x00000000d6e00000)
  to   space 1536K, 0% used [0x00000000d6b80000,0x00000000d6b80000,0x00000000d6d00000)
 ParOldGen       total 68608K, used 47601K [0x0000000080000000, 0x0000000084300000, 0x00000000d5580000)
  object space 68608K, 69% used [0x0000000080000000,0x0000000082e7c4f0,0x0000000084300000)
 Metaspace       used 52324K, committed 53568K, reserved 1114112K
  class space    used 5952K, committed 6528K, reserved 1048576K
}
Event: 10.977 GC heap after
{Heap after GC invocations=31 (full 2):
 PSYoungGen      total 23040K, used 928K [0x00000000d5580000, 0x00000000d7280000, 0x0000000100000000)
  eden space 21504K, 0% used [0x00000000d5580000,0x00000000d5580000,0x00000000d6a80000)
  from space 1536K, 60% used [0x00000000d6b80000,0x00000000d6c68000,0x00000000d6d00000)
  to   space 4096K, 0% used [0x00000000d6e80000,0x00000000d6e80000,0x00000000d7280000)
 ParOldGen       total 68608K, used 48582K [0x0000000080000000, 0x0000000084300000, 0x00000000d5580000)
  object space 68608K, 70% used [0x0000000080000000,0x0000000082f71a98,0x0000000084300000)
 Metaspace       used 52324K, committed 53568K, reserved 1114112K
  class space    used 5952K, committed 6528K, reserved 1048576K
}
Event: 11.224 GC heap before
{Heap before GC invocations=32 (full 2):
 PSYoungGen      total 23040K, used 22432K [0x00000000d5580000, 0x00000000d7280000, 0x0000000100000000)
  eden space 21504K, 100% used [0x00000000d5580000,0x00000000d6a80000,0x00000000d6a80000)
  from space 1536K, 60% used [0x00000000d6b80000,0x00000000d6c68000,0x00000000d6d00000)
  to   space 4096K, 0% used [0x00000000d6e80000,0x00000000d6e80000,0x00000000d7280000)
 ParOldGen       total 68608K, used 48582K [0x0000000080000000, 0x0000000084300000, 0x00000000d5580000)
  object space 68608K, 70% used [0x0000000080000000,0x0000000082f71a98,0x0000000084300000)
 Metaspace       used 52431K, committed 53824K, reserved 1114112K
  class space    used 5960K, committed 6592K, reserved 1048576K
}
Event: 11.226 GC heap after
{Heap after GC invocations=32 (full 2):
 PSYoungGen      total 22528K, used 704K [0x00000000d5580000, 0x00000000d6f80000, 0x0000000100000000)
  eden space 21504K, 0% used [0x00000000d5580000,0x00000000d5580000,0x00000000d6a80000)
  from space 1024K, 68% used [0x00000000d6e80000,0x00000000d6f30000,0x00000000d6f80000)
  to   space 1536K, 0% used [0x00000000d6c80000,0x00000000d6c80000,0x00000000d6e00000)
 ParOldGen       total 68608K, used 49342K [0x0000000080000000, 0x0000000084300000, 0x00000000d5580000)
  object space 68608K, 71% used [0x0000000080000000,0x000000008302faa8,0x0000000084300000)
 Metaspace       used 52431K, committed 53824K, reserved 1114112K
  class space    used 5960K, committed 6592K, reserved 1048576K
}
Event: 11.445 GC heap before
{Heap before GC invocations=33 (full 2):
 PSYoungGen      total 22528K, used 22208K [0x00000000d5580000, 0x00000000d6f80000, 0x0000000100000000)
  eden space 21504K, 100% used [0x00000000d5580000,0x00000000d6a80000,0x00000000d6a80000)
  from space 1024K, 68% used [0x00000000d6e80000,0x00000000d6f30000,0x00000000d6f80000)
  to   space 1536K, 0% used [0x00000000d6c80000,0x00000000d6c80000,0x00000000d6e00000)
 ParOldGen       total 68608K, used 49342K [0x0000000080000000, 0x0000000084300000, 0x00000000d5580000)
  object space 68608K, 71% used [0x0000000080000000,0x000000008302faa8,0x0000000084300000)
 Metaspace       used 52432K, committed 53824K, reserved 1114112K
  class space    used 5960K, committed 6592K, reserved 1048576K
}
Event: 11.446 GC heap after
{Heap after GC invocations=33 (full 2):
 PSYoungGen      total 23040K, used 704K [0x00000000d5580000, 0x00000000d6f00000, 0x0000000100000000)
  eden space 21504K, 0% used [0x00000000d5580000,0x00000000d5580000,0x00000000d6a80000)
  from space 1536K, 45% used [0x00000000d6c80000,0x00000000d6d30000,0x00000000d6e00000)
  to   space 1024K, 0% used [0x00000000d6e00000,0x00000000d6e00000,0x00000000d6f00000)
 ParOldGen       total 68608K, used 49863K [0x0000000080000000, 0x0000000084300000, 0x00000000d5580000)
  object space 68608K, 72% used [0x0000000080000000,0x00000000830b1e48,0x0000000084300000)
 Metaspace       used 52432K, committed 53824K, reserved 1114112K
  class space    used 5960K, committed 6592K, reserved 1048576K
}
Event: 11.666 GC heap before
{Heap before GC invocations=34 (full 2):
 PSYoungGen      total 23040K, used 22208K [0x00000000d5580000, 0x00000000d6f00000, 0x0000000100000000)
  eden space 21504K, 100% used [0x00000000d5580000,0x00000000d6a80000,0x00000000d6a80000)
  from space 1536K, 45% used [0x00000000d6c80000,0x00000000d6d30000,0x00000000d6e00000)
  to   space 1024K, 0% used [0x00000000d6e00000,0x00000000d6e00000,0x00000000d6f00000)
 ParOldGen       total 68608K, used 49863K [0x0000000080000000, 0x0000000084300000, 0x00000000d5580000)
  object space 68608K, 72% used [0x0000000080000000,0x00000000830b1e48,0x0000000084300000)
 Metaspace       used 52891K, committed 54208K, reserved 1114112K
  class space    used 6055K, committed 6656K, reserved 1048576K
}
Event: 11.670 GC heap after
{Heap after GC invocations=34 (full 2):
 PSYoungGen      total 20480K, used 1014K [0x00000000d5580000, 0x00000000d7580000, 0x0000000100000000)
  eden space 19456K, 0% used [0x00000000d5580000,0x00000000d5580000,0x00000000d6880000)
  from space 1024K, 99% used [0x00000000d6e00000,0x00000000d6efdb70,0x00000000d6f00000)
  to   space 5632K, 0% used [0x00000000d6880000,0x00000000d6880000,0x00000000d6e00000)
 ParOldGen       total 68608K, used 53470K [0x0000000080000000, 0x0000000084300000, 0x00000000d5580000)
  object space 68608K, 77% used [0x0000000080000000,0x0000000083437ac8,0x0000000084300000)
 Metaspace       used 52891K, committed 54208K, reserved 1114112K
  class space    used 6055K, committed 6656K, reserved 1048576K
}

Dll operation events (13 events):
Event: 0.017 Loaded shared library c:\Users\name\.vscode\extensions\redhat.java-1.46.0-win32-x64\jre\21.0.8-win32-x86_64\bin\java.dll
Event: 0.119 Loaded shared library c:\Users\name\.vscode\extensions\redhat.java-1.46.0-win32-x64\jre\21.0.8-win32-x86_64\bin\zip.dll
Event: 0.151 Loaded shared library C:\Users\name\.vscode\extensions\redhat.java-1.46.0-win32-x64\jre\21.0.8-win32-x86_64\bin\instrument.dll
Event: 0.157 Loaded shared library C:\Users\name\.vscode\extensions\redhat.java-1.46.0-win32-x64\jre\21.0.8-win32-x86_64\bin\net.dll
Event: 0.160 Loaded shared library C:\Users\name\.vscode\extensions\redhat.java-1.46.0-win32-x64\jre\21.0.8-win32-x86_64\bin\nio.dll
Event: 0.165 Loaded shared library C:\Users\name\.vscode\extensions\redhat.java-1.46.0-win32-x64\jre\21.0.8-win32-x86_64\bin\zip.dll
Event: 0.191 Loaded shared library C:\Users\name\.vscode\extensions\redhat.java-1.46.0-win32-x64\jre\21.0.8-win32-x86_64\bin\jimage.dll
Event: 0.305 Loaded shared library c:\Users\name\.vscode\extensions\redhat.java-1.46.0-win32-x64\jre\21.0.8-win32-x86_64\bin\verify.dll
Event: 1.947 Loaded shared library C:\Users\name\AppData\Roaming\Code\User\globalStorage\redhat.java\1.46.0\config_win\org.eclipse.equinox.launcher\org.eclipse.equinox.launcher.win32.win32.x86_64_1.2.1400.v20250801-0854\eclipse_11916.dll
Event: 4.620 Loaded shared library D:\tmp\jna-3373707\jna7389749133235008637.dll
Event: 10.684 Loaded shared library C:\Users\name\.gradle\native\1def1411415f61bf3af743bc5b6707747c0891f09f0c88961ee8f79bc544acac\windows-amd64\native-platform.dll
Event: 11.934 Loaded shared library C:\Users\name\.vscode\extensions\redhat.java-1.46.0-win32-x64\jre\21.0.8-win32-x86_64\bin\management.dll
Event: 11.939 Loaded shared library C:\Users\name\.vscode\extensions\redhat.java-1.46.0-win32-x64\jre\21.0.8-win32-x86_64\bin\management_ext.dll

Deoptimization events (20 events):
Event: 11.498 Thread 0x000002166db92350 DEOPT PACKING pc=0x0000021650a846e7 sp=0x00000028b9efcca0
Event: 11.498 Thread 0x000002166db92350 DEOPT UNPACKING pc=0x0000021657d14242 sp=0x00000028b9efc210 mode 0
Event: 11.499 Thread 0x000002166db92350 DEOPT PACKING pc=0x0000021650cc34b9 sp=0x00000028b9efd110
Event: 11.499 Thread 0x000002166db92350 DEOPT UNPACKING pc=0x0000021657d14242 sp=0x00000028b9efc610 mode 0
Event: 11.512 Thread 0x000002166db92350 DEOPT PACKING pc=0x00000216509cbafb sp=0x00000028b9efd7a0
Event: 11.512 Thread 0x000002166db92350 DEOPT UNPACKING pc=0x0000021657d14242 sp=0x00000028b9efccd8 mode 0
Event: 11.515 Thread 0x000002166db92350 DEOPT PACKING pc=0x00000216509cbafb sp=0x00000028b9efd7a0
Event: 11.515 Thread 0x000002166db92350 DEOPT UNPACKING pc=0x0000021657d14242 sp=0x00000028b9efccd8 mode 0
Event: 11.518 Thread 0x000002166db92350 DEOPT PACKING pc=0x00000216509cbafb sp=0x00000028b9efd7d0
Event: 11.518 Thread 0x000002166db92350 DEOPT UNPACKING pc=0x0000021657d14242 sp=0x00000028b9efcd08 mode 0
Event: 11.628 Thread 0x000002166db92350 DEOPT PACKING pc=0x0000021651439eb5 sp=0x00000028b9ef8d20
Event: 11.628 Thread 0x000002166db92350 DEOPT UNPACKING pc=0x0000021657d14242 sp=0x00000028b9ef8230 mode 0
Event: 11.697 Thread 0x000002166db92350 DEOPT PACKING pc=0x0000021650a86402 sp=0x00000028b9efd200
Event: 11.697 Thread 0x000002166db92350 DEOPT UNPACKING pc=0x0000021657d14242 sp=0x00000028b9efc688 mode 0
Event: 11.719 Thread 0x000002166db92350 DEOPT PACKING pc=0x0000021650a86402 sp=0x00000028b9efb050
Event: 11.719 Thread 0x000002166db92350 DEOPT UNPACKING pc=0x0000021657d14242 sp=0x00000028b9efa4d8 mode 0
Event: 11.872 Thread 0x000002166db92350 Uncommon trap: trap_request=0xffffff45 fr.pc=0x0000021658562bc0 relative=0x00000000000001a0
Event: 11.872 Thread 0x000002166db92350 Uncommon trap: reason=unstable_if action=reinterpret pc=0x0000021658562bc0 method=jdk.internal.org.objectweb.asm.Frame.push(I)V @ 26 c2
Event: 11.872 Thread 0x000002166db92350 DEOPT PACKING pc=0x0000021658562bc0 sp=0x00000028b9efd580
Event: 11.872 Thread 0x000002166db92350 DEOPT UNPACKING pc=0x0000021657d13aa2 sp=0x00000028b9efd508 mode 2

Classes loaded (20 events):
Event: 11.943 Loading class java/lang/management/DefaultPlatformMBeanProvider$2 done
Event: 11.943 Loading class java/lang/management/DefaultPlatformMBeanProvider$3
Event: 11.943 Loading class java/lang/management/DefaultPlatformMBeanProvider$3 done
Event: 11.943 Loading class java/lang/management/DefaultPlatformMBeanProvider$4
Event: 11.943 Loading class java/lang/management/DefaultPlatformMBeanProvider$4 done
Event: 11.943 Loading class java/lang/management/DefaultPlatformMBeanProvider$5
Event: 11.943 Loading class java/lang/management/DefaultPlatformMBeanProvider$5 done
Event: 11.943 Loading class java/lang/management/DefaultPlatformMBeanProvider$6
Event: 11.944 Loading class java/lang/management/DefaultPlatformMBeanProvider$6 done
Event: 11.944 Loading class java/lang/management/DefaultPlatformMBeanProvider$7
Event: 11.944 Loading class java/lang/management/DefaultPlatformMBeanProvider$7 done
Event: 11.944 Loading class java/lang/management/DefaultPlatformMBeanProvider$8
Event: 11.944 Loading class java/lang/management/DefaultPlatformMBeanProvider$8 done
Event: 11.944 Loading class sun/management/ManagementFactoryHelper$LoggingMXBeanAccess
Event: 11.944 Loading class sun/management/ManagementFactoryHelper$LoggingMXBeanAccess done
Event: 11.944 Loading class sun/management/ManagementFactoryHelper$LoggingMXBeanAccess$1
Event: 11.944 Loading class sun/management/ManagementFactoryHelper$LoggingMXBeanAccess$1 done
Event: 11.944 Loading class java/lang/management/DefaultPlatformMBeanProvider$9
Event: 11.944 Loading class java/lang/management/DefaultPlatformMBeanProvider$9 done
Event: 11.944 Loading class java/lang/management/DefaultPlatformMBeanProvider$10

Classes unloaded (7 events):
Event: 5.505 Thread 0x000002164d535840 Unloading class 0x00000216011aac00 'java/lang/invoke/LambdaForm$MH+0x00000216011aac00'
Event: 5.505 Thread 0x000002164d535840 Unloading class 0x00000216011aa800 'java/lang/invoke/LambdaForm$MH+0x00000216011aa800'
Event: 5.505 Thread 0x000002164d535840 Unloading class 0x00000216011aa400 'java/lang/invoke/LambdaForm$MH+0x00000216011aa400'
Event: 5.505 Thread 0x000002164d535840 Unloading class 0x00000216011aa000 'java/lang/invoke/LambdaForm$MH+0x00000216011aa000'
Event: 5.505 Thread 0x000002164d535840 Unloading class 0x00000216011a9c00 'java/lang/invoke/LambdaForm$BMH+0x00000216011a9c00'
Event: 5.505 Thread 0x000002164d535840 Unloading class 0x00000216011a9800 'java/lang/invoke/LambdaForm$DMH+0x00000216011a9800'
Event: 5.505 Thread 0x000002164d535840 Unloading class 0x00000216011a8400 'java/lang/invoke/LambdaForm$DMH+0x00000216011a8400'

Classes redefined (0 events):
No events

Internal exceptions (20 events):
Event: 7.806 Thread 0x000002166b2fa240 Exception <a 'java/lang/NoSuchMethodError'{0x00000000d6365b60}: 'void java.lang.invoke.DirectMethodHandle$Holder.invokeStaticInit(java.lang.Object, java.lang.Object, java.lang.Object)'> (0x00000000d6365b60) 
thrown [s\src\hotspot\share\interpreter\linkResolver.cpp, line 773]
Event: 8.306 Thread 0x000002166b2f8800 Exception <a 'java/lang/ExceptionInInitializerError'{0x00000000d5d87280}> (0x00000000d5d87280) 
thrown [s\src\hotspot\share\oops\instanceKlass.cpp, line 1220]
Event: 8.331 Thread 0x000002166b2f8800 Implicit null exception at 0x00000216583786fe to 0x0000021658378970
Event: 8.331 Thread 0x000002166b2f8800 Implicit null exception at 0x00000216582f8a9c to 0x00000216582f99b8
Event: 8.334 Thread 0x000002166b2f8800 Exception <a 'java/lang/NoSuchMethodError'{0x00000000d5ef8cd8}: 'java.lang.Object java.lang.invoke.Invokers$Holder.invokeExact_MT(java.lang.Object, int, java.lang.Object)'> (0x00000000d5ef8cd8) 
thrown [s\src\hotspot\share\interpreter\linkResolver.cpp, line 773]
Event: 8.601 Thread 0x000002166b2f8800 Exception <a 'java/lang/NoClassDefFoundError'{0x00000000d5704c60}: com/google/inject/servlet/ServletModuleTargetVisitor> (0x00000000d5704c60) 
thrown [s\src\hotspot\share\classfile\systemDictionary.cpp, line 301]
Event: 8.948 Thread 0x000002166b2f9bb0 Exception <a 'sun/nio/fs/WindowsException'{0x00000000d6420700}> (0x00000000d6420700) 
thrown [s\src\hotspot\share\prims\jni.cpp, line 520]
Event: 9.869 Thread 0x000002166c73ae20 Exception <a 'java/lang/NoSuchMethodError'{0x00000000d5d6eee0}: 'int java.lang.invoke.DirectMethodHandle$Holder.invokeSpecialIFC(java.lang.Object, java.lang.Object, java.lang.Object, java.lang.Object)'> (0x00000000d5d6eee0) 
thrown [s\src\hotspot\share\interpreter\linkResolver.cpp, line 773]
Event: 9.878 Thread 0x000002166c73fce0 Exception <a 'java/lang/IncompatibleClassChangeError'{0x00000000d5d9ed48}: Found class java.lang.Object, but interface was expected> (0x00000000d5d9ed48) 
thrown [s\src\hotspot\share\interpreter\linkResolver.cpp, line 840]
Event: 9.955 Thread 0x000002166c73ae20 Exception <a 'java/lang/NoSuchMethodError'{0x00000000d5f16ac0}: 'int java.lang.invoke.DirectMethodHandle$Holder.invokeInterface(java.lang.Object, java.lang.Object)'> (0x00000000d5f16ac0) 
thrown [s\src\hotspot\share\interpreter\linkResolver.cpp, line 773]
Event: 9.955 Thread 0x000002166c73ae20 Exception <a 'java/lang/IncompatibleClassChangeError'{0x00000000d5f19d68}: Found class java.lang.Object, but interface was expected> (0x00000000d5f19d68) 
thrown [s\src\hotspot\share\interpreter\linkResolver.cpp, line 840]
Event: 10.017 Thread 0x000002166c73ae20 Exception <a 'java/lang/NoSuchMethodError'{0x00000000d600b2a0}: method resolution failed> (0x00000000d600b2a0) 
thrown [s\src\hotspot\share\prims\methodHandles.cpp, line 1144]
Event: 10.046 Thread 0x000002166c73ae20 Exception <a 'sun/nio/fs/WindowsException'{0x00000000d6048490}> (0x00000000d6048490) 
thrown [s\src\hotspot\share\prims\jni.cpp, line 520]
Event: 10.046 Thread 0x000002166c73ae20 Exception <a 'sun/nio/fs/WindowsException'{0x00000000d60489b8}> (0x00000000d60489b8) 
thrown [s\src\hotspot\share\prims\jni.cpp, line 520]
Event: 10.205 Thread 0x000002166c73ae20 Exception <a 'java/lang/NoSuchMethodError'{0x00000000d66d5510}: 'java.lang.Object java.lang.invoke.DirectMethodHandle$Holder.invokeVirtual(java.lang.Object, java.lang.Object, java.lang.Object, java.lang.Object)'> (0x00000000d66d5510) 
thrown [s\src\hotspot\share\interpreter\linkResolver.cpp, line 773]
Event: 10.210 Thread 0x000002166c73ae20 Exception <a 'java/lang/NoSuchMethodError'{0x00000000d66f9380}: 'java.lang.Object java.lang.invoke.DirectMethodHandle$Holder.invokeVirtual(java.lang.Object, java.lang.Object, java.lang.Object, java.lang.Object, java.lang.Object)'> (0x00000000d66f9380) 
thrown [s\src\hotspot\share\interpreter\linkResolver.cpp, line 773]
Event: 11.743 Thread 0x000002166db92350 Exception <a 'java/lang/NoSuchMethodError'{0x00000000d5a94d30}: 'java.lang.Object java.lang.invoke.DirectMethodHandle$Holder.invokeVirtual(java.lang.Object, java.lang.Object, java.lang.Object, java.lang.Object, java.lang.Object, java.lang.Object)'> (0x00000000d5a94d30) 
thrown [s\src\hotspot\share\interpreter\linkResolver.cpp, line 773]
Event: 11.820 Thread 0x000002166db92350 Exception <a 'java/lang/NoSuchMethodError'{0x00000000d5f8d270}: 'java.lang.Object java.lang.invoke.DirectMethodHandle$Holder.invokeVirtual(java.lang.Object, java.lang.Object, java.lang.Object, java.lang.Object, java.lang.Object, java.lang.Object, java.lang.Object)'> (0x00000000d5f8d270) 
thrown [s\src\hotspot\share\interpreter\linkResolver.cpp, line 773]
Event: 11.872 Thread 0x000002166db92350 Exception <a 'java/lang/NoSuchMethodError'{0x00000000d6173de0}: 'java.lang.Object java.lang.invoke.DirectMethodHandle$Holder.invokeVirtual(java.lang.Object, java.lang.Object, java.lang.Object, java.lang.Object, java.lang.Object, java.lang.Object, java.lang.Object, java.lang.Object, java.lang.Object, java.lang.Object, java.lang.Object)'> (0x00000000d6173de0) 
thrown [s\src\hotspot\share\interpreter\linkResolver.cpp, line 773]
Event: 11.879 Thread 0x000002166db92350 Exception <a 'java/lang/NoSuchMethodError'{0x00000000d61c4818}: 'java.lang.Object java.lang.invoke.DirectMethodHandle$Holder.invokeStatic(java.lang.Object, java.lang.Object, java.lang.Object, java.lang.Object, java.lang.Object, java.lang.Object, java.lang.Object, java.lang.Object, java.lang.Object, java.lang.Object, java.lang.Object, java.lang.Object, java.lang.Object)'> (0x00000000d61c4818) 
thrown [s\src\hotspot\share\interpreter\linkResolver.cpp, line 773]

ZGC Phase Switch (0 events):
No events

VM Operations (20 events):
Event: 9.619 Executing VM operation: ParallelGCFailedAllocation (Allocation Failure)
Event: 9.622 Executing VM operation: ParallelGCFailedAllocation (Allocation Failure) done
Event: 9.687 Executing VM operation: HandshakeAllThreads (Deoptimize)
Event: 9.687 Executing VM operation: HandshakeAllThreads (Deoptimize) done
Event: 10.288 Executing VM operation: ParallelGCFailedAllocation (Allocation Failure)
Event: 10.293 Executing VM operation: ParallelGCFailedAllocation (Allocation Failure) done
Event: 10.400 Executing VM operation: HandshakeAllThreads (Deoptimize)
Event: 10.400 Executing VM operation: HandshakeAllThreads (Deoptimize) done
Event: 10.598 Executing VM operation: ParallelGCFailedAllocation (Allocation Failure)
Event: 10.608 Executing VM operation: ParallelGCFailedAllocation (Allocation Failure) done
Event: 10.974 Executing VM operation: ParallelGCFailedAllocation (Allocation Failure)
Event: 10.977 Executing VM operation: ParallelGCFailedAllocation (Allocation Failure) done
Event: 11.224 Executing VM operation: ParallelGCFailedAllocation (Allocation Failure)
Event: 11.226 Executing VM operation: ParallelGCFailedAllocation (Allocation Failure) done
Event: 11.445 Executing VM operation: ParallelGCFailedAllocation (Allocation Failure)
Event: 11.446 Executing VM operation: ParallelGCFailedAllocation (Allocation Failure) done
Event: 11.666 Executing VM operation: ParallelGCFailedAllocation (Allocation Failure)
Event: 11.670 Executing VM operation: ParallelGCFailedAllocation (Allocation Failure) done
Event: 11.723 Executing VM operation: HandshakeAllThreads (Deoptimize)
Event: 11.723 Executing VM operation: HandshakeAllThreads (Deoptimize) done

Memory protections (0 events):
No events

Nmethod flushes (20 events):
Event: 7.144 Thread 0x000002164d535840 flushing osr nmethod 0x0000021650d94810
Event: 7.144 Thread 0x000002164d535840 flushing  nmethod 0x0000021650daf490
Event: 7.144 Thread 0x000002164d535840 flushing  nmethod 0x0000021650db2f90
Event: 7.144 Thread 0x000002164d535840 flushing  nmethod 0x0000021650dd2b90
Event: 7.144 Thread 0x000002164d535840 flushing  nmethod 0x0000021650dd3290
Event: 7.144 Thread 0x000002164d535840 flushing  nmethod 0x0000021650dfa610
Event: 7.144 Thread 0x000002164d535840 flushing  nmethod 0x0000021650dfbe90
Event: 7.144 Thread 0x000002164d535840 flushing  nmethod 0x0000021650dfc790
Event: 7.144 Thread 0x000002164d535840 flushing  nmethod 0x0000021650dfd990
Event: 7.144 Thread 0x000002164d535840 flushing  nmethod 0x0000021650dfe890
Event: 7.144 Thread 0x000002164d535840 flushing  nmethod 0x0000021650dff010
Event: 7.144 Thread 0x000002164d535840 flushing  nmethod 0x0000021650dff990
Event: 7.144 Thread 0x000002164d535840 flushing  nmethod 0x0000021650e02a10
Event: 7.144 Thread 0x000002164d535840 flushing  nmethod 0x0000021650e02e10
Event: 7.144 Thread 0x000002164d535840 flushing  nmethod 0x0000021650e0d310
Event: 7.144 Thread 0x000002164d535840 flushing  nmethod 0x0000021650e0f710
Event: 7.144 Thread 0x000002164d535840 flushing  nmethod 0x0000021650e3af10
Event: 7.144 Thread 0x000002164d535840 flushing  nmethod 0x0000021650e40310
Event: 7.144 Thread 0x000002164d535840 flushing  nmethod 0x0000021650e50a90
Event: 7.144 Thread 0x000002164d535840 flushing  nmethod 0x0000021650e5a790

Events (20 events):
Event: 7.025 Thread 0x000002164d5a2020 Thread added: 0x000002166c73b4b0
Event: 7.025 Thread 0x000002164d5a2020 Thread added: 0x000002166c73e930
Event: 7.026 Thread 0x000002164d5a2020 Thread added: 0x000002166c7393e0
Event: 7.026 Thread 0x000002164d5a2020 Thread added: 0x000002166c73e2a0
Event: 7.026 Thread 0x000002164d5a2020 Thread added: 0x000002166c739a70
Event: 7.026 Thread 0x000002164d5a2020 Thread added: 0x000002166c73a100
Event: 7.026 Thread 0x000002164d5a2020 Thread added: 0x000002166c73a790
Event: 7.026 Thread 0x000002164d5a2020 Thread added: 0x000002166c73bb40
Event: 7.026 Thread 0x000002164d5a2020 Thread added: 0x000002166c73c1d0
Event: 7.026 Thread 0x000002164d5a2020 Thread added: 0x000002166c73cef0
Event: 7.027 Thread 0x000002164d5a2020 Thread added: 0x000002166c73efc0
Event: 7.072 Thread 0x000002164d5a2020 Thread added: 0x000002166c73f650
Event: 7.329 Thread 0x000002164d5a2020 Thread added: 0x000002166c7386c0
Event: 7.329 Thread 0x000002164d5a2020 Thread added: 0x000002166c73fce0
Event: 8.981 Thread 0x000002166b2f9bb0 Thread added: 0x000002166db91630
Event: 8.983 Thread 0x000002166db91630 Thread added: 0x000002166db91cc0
Event: 9.562 Thread 0x000002166b112cd0 Thread exited: 0x000002166b112cd0
Event: 9.595 Thread 0x000002166a018810 Thread added: 0x000002166dd229f0
Event: 10.149 Thread 0x000002166c73ae20 Thread added: 0x000002166db90fa0
Event: 10.309 Thread 0x000002166c73ae20 Thread added: 0x000002166db92350


Dynamic libraries:
0x00007ff6ea8a0000 - 0x00007ff6ea8ae000 	c:\Users\name\.vscode\extensions\redhat.java-1.46.0-win32-x64\jre\21.0.8-win32-x86_64\bin\java.exe
0x00007ff87f070000 - 0x00007ff87f287000 	C:\WINDOWS\SYSTEM32\ntdll.dll
0x00007ff87cef0000 - 0x00007ff87cfb4000 	C:\WINDOWS\System32\KERNEL32.DLL
0x00007ff87c350000 - 0x00007ff87c720000 	C:\WINDOWS\System32\KERNELBASE.dll
0x00007ff87cb80000 - 0x00007ff87cc91000 	C:\WINDOWS\System32\ucrtbase.dll
0x00007fffe2b40000 - 0x00007fffe2b58000 	c:\Users\name\.vscode\extensions\redhat.java-1.46.0-win32-x64\jre\21.0.8-win32-x86_64\bin\jli.dll
0x00007fffe2b20000 - 0x00007fffe2b3e000 	c:\Users\name\.vscode\extensions\redhat.java-1.46.0-win32-x64\jre\21.0.8-win32-x86_64\bin\VCRUNTIME140.dll
0x00007ff87ec50000 - 0x00007ff87ee01000 	C:\WINDOWS\System32\USER32.dll
0x00007ff87ccd0000 - 0x00007ff87ccf6000 	C:\WINDOWS\System32\win32u.dll
0x00007ff87b4c0000 - 0x00007ff87b75c000 	C:\WINDOWS\WinSxS\amd64_microsoft.windows.common-controls_6595b64144ccf1df_6.0.22621.5840_none_2710ea077384a4fe\COMCTL32.dll
0x00007ff87d210000 - 0x00007ff87d239000 	C:\WINDOWS\System32\GDI32.dll
0x00007ff87ee80000 - 0x00007ff87ef27000 	C:\WINDOWS\System32\msvcrt.dll
0x00007ff87c720000 - 0x00007ff87c843000 	C:\WINDOWS\System32\gdi32full.dll
0x00007ff87c170000 - 0x00007ff87c20a000 	C:\WINDOWS\System32\msvcp_win.dll
0x00007ff87eff0000 - 0x00007ff87f021000 	C:\WINDOWS\System32\IMM32.DLL
0x00007ff86a400000 - 0x00007ff86a40c000 	c:\Users\name\.vscode\extensions\redhat.java-1.46.0-win32-x64\jre\21.0.8-win32-x86_64\bin\vcruntime140_1.dll
0x00007fffe26e0000 - 0x00007fffe276d000 	c:\Users\name\.vscode\extensions\redhat.java-1.46.0-win32-x64\jre\21.0.8-win32-x86_64\bin\msvcp140.dll
0x00007fffc2e20000 - 0x00007fffc3bb7000 	c:\Users\name\.vscode\extensions\redhat.java-1.46.0-win32-x64\jre\21.0.8-win32-x86_64\bin\server\jvm.dll
0x00007ff87e6d0000 - 0x00007ff87e781000 	C:\WINDOWS\System32\ADVAPI32.dll
0x00007ff87ef30000 - 0x00007ff87efd8000 	C:\WINDOWS\System32\sechost.dll
0x00007ff87cca0000 - 0x00007ff87ccc8000 	C:\WINDOWS\System32\bcrypt.dll
0x00007ff87cfc0000 - 0x00007ff87d0d8000 	C:\WINDOWS\System32\RPCRT4.dll
0x00007ff87dc60000 - 0x00007ff87dcd1000 	C:\WINDOWS\System32\WS2_32.dll
0x00007ff873700000 - 0x00007ff873734000 	C:\WINDOWS\SYSTEM32\WINMM.dll
0x00007ff8725a0000 - 0x00007ff8725aa000 	C:\WINDOWS\SYSTEM32\VERSION.dll
0x00007ff87ba80000 - 0x00007ff87bacd000 	C:\WINDOWS\SYSTEM32\POWRPROF.dll
0x00007ff87b950000 - 0x00007ff87b963000 	C:\WINDOWS\SYSTEM32\UMPDC.dll
0x00007ff87aa90000 - 0x00007ff87aaa8000 	C:\WINDOWS\SYSTEM32\kernel.appcore.dll
0x00007ff84af90000 - 0x00007ff84af9a000 	c:\Users\name\.vscode\extensions\redhat.java-1.46.0-win32-x64\jre\21.0.8-win32-x86_64\bin\jimage.dll
0x00007ff87bad0000 - 0x00007ff87bd03000 	C:\WINDOWS\SYSTEM32\DBGHELP.DLL
0x00007ff87deb0000 - 0x00007ff87e241000 	C:\WINDOWS\System32\combase.dll
0x00007ff87ce10000 - 0x00007ff87cee8000 	C:\WINDOWS\System32\OLEAUT32.dll
0x00007ff87b970000 - 0x00007ff87b9a2000 	C:\WINDOWS\SYSTEM32\dbgcore.DLL
0x00007ff87ca40000 - 0x00007ff87cabb000 	C:\WINDOWS\System32\bcryptPrimitives.dll
0x00007ff863a20000 - 0x00007ff863a2f000 	c:\Users\name\.vscode\extensions\redhat.java-1.46.0-win32-x64\jre\21.0.8-win32-x86_64\bin\instrument.dll
0x00007fffe2b00000 - 0x00007fffe2b1f000 	c:\Users\name\.vscode\extensions\redhat.java-1.46.0-win32-x64\jre\21.0.8-win32-x86_64\bin\java.dll
0x00007ff87d240000 - 0x00007ff87dae1000 	C:\WINDOWS\System32\SHELL32.dll
0x00007ff87c210000 - 0x00007ff87c34f000 	C:\WINDOWS\System32\wintypes.dll
0x00007ff8795c0000 - 0x00007ff879eda000 	C:\WINDOWS\SYSTEM32\windows.storage.dll
0x00007ff87e910000 - 0x00007ff87ea1a000 	C:\WINDOWS\System32\SHCORE.dll
0x00007ff87e790000 - 0x00007ff87e7f9000 	C:\WINDOWS\System32\shlwapi.dll
0x00007ff87c0a0000 - 0x00007ff87c0c5000 	C:\WINDOWS\SYSTEM32\profapi.dll
0x00007fffe2ae0000 - 0x00007fffe2af8000 	c:\Users\name\.vscode\extensions\redhat.java-1.46.0-win32-x64\jre\21.0.8-win32-x86_64\bin\zip.dll
0x00007ff84aa80000 - 0x00007ff84aa90000 	C:\Users\name\.vscode\extensions\redhat.java-1.46.0-win32-x64\jre\21.0.8-win32-x86_64\bin\net.dll
0x00007ff8763e0000 - 0x00007ff87650c000 	C:\WINDOWS\SYSTEM32\WINHTTP.dll
0x00007ff87af10000 - 0x00007ff87af79000 	C:\WINDOWS\system32\mswsock.dll
0x00007fffe26c0000 - 0x00007fffe26d6000 	C:\Users\name\.vscode\extensions\redhat.java-1.46.0-win32-x64\jre\21.0.8-win32-x86_64\bin\nio.dll
0x00007ff82afa0000 - 0x00007ff82afb0000 	c:\Users\name\.vscode\extensions\redhat.java-1.46.0-win32-x64\jre\21.0.8-win32-x86_64\bin\verify.dll
0x00007ff83d180000 - 0x00007ff83d1c4000 	C:\Users\name\AppData\Roaming\Code\User\globalStorage\redhat.java\1.46.0\config_win\org.eclipse.equinox.launcher\org.eclipse.equinox.launcher.win32.win32.x86_64_1.2.1400.v20250801-0854\eclipse_11916.dll
0x00007ff87ea90000 - 0x00007ff87ec30000 	C:\WINDOWS\System32\ole32.dll
0x00007ff87be10000 - 0x00007ff87be2b000 	C:\WINDOWS\SYSTEM32\CRYPTSP.dll
0x00007ff87a9f0000 - 0x00007ff87aa27000 	C:\WINDOWS\system32\rsaenh.dll
0x00007ff87afb0000 - 0x00007ff87afd8000 	C:\WINDOWS\SYSTEM32\USERENV.dll
0x00007ff87b110000 - 0x00007ff87b11c000 	C:\WINDOWS\SYSTEM32\CRYPTBASE.dll
0x00007ff87a390000 - 0x00007ff87a3bd000 	C:\WINDOWS\SYSTEM32\IPHLPAPI.DLL
0x00007ff87daf0000 - 0x00007ff87daf9000 	C:\WINDOWS\System32\NSI.dll
0x00007ff839860000 - 0x00007ff8398a9000 	D:\tmp\jna-3373707\jna7389749133235008637.dll
0x00007ff87efe0000 - 0x00007ff87efe8000 	C:\WINDOWS\System32\PSAPI.DLL
0x00007ff876c10000 - 0x00007ff876c29000 	C:\WINDOWS\SYSTEM32\dhcpcsvc6.DLL
0x00007ff876bf0000 - 0x00007ff876c0f000 	C:\WINDOWS\SYSTEM32\dhcpcsvc.DLL
0x00007ff86a1f0000 - 0x00007ff86a217000 	C:\Users\name\.gradle\native\1def1411415f61bf3af743bc5b6707747c0891f09f0c88961ee8f79bc544acac\windows-amd64\native-platform.dll
0x00007ff82af40000 - 0x00007ff82af4a000 	C:\Users\name\.vscode\extensions\redhat.java-1.46.0-win32-x64\jre\21.0.8-win32-x86_64\bin\management.dll
0x00007ff805700000 - 0x00007ff80570b000 	C:\Users\name\.vscode\extensions\redhat.java-1.46.0-win32-x64\jre\21.0.8-win32-x86_64\bin\management_ext.dll

JVMTI agents:
c:\Users\name\.vscode\extensions\redhat.java-1.46.0-win32-x64\lombok\lombok-1.18.39-4050.jar path:c:\Users\name\.vscode\extensions\redhat.java-1.46.0-win32-x64\jre\21.0.8-win32-x86_64\bin\instrument.dll, loaded, initialized, instrumentlib options:none

dbghelp: loaded successfully - version: 4.0.5 - missing functions: none
symbol engine: initialized successfully - sym options: 0x614 - pdb path: .;c:\Users\name\.vscode\extensions\redhat.java-1.46.0-win32-x64\jre\21.0.8-win32-x86_64\bin;C:\WINDOWS\SYSTEM32;C:\WINDOWS\WinSxS\amd64_microsoft.windows.common-controls_6595b64144ccf1df_6.0.22621.5840_none_2710ea077384a4fe;c:\Users\name\.vscode\extensions\redhat.java-1.46.0-win32-x64\jre\21.0.8-win32-x86_64\bin\server;C:\Users\name\AppData\Roaming\Code\User\globalStorage\redhat.java\1.46.0\config_win\org.eclipse.equinox.launcher\org.eclipse.equinox.launcher.win32.win32.x86_64_1.2.1400.v20250801-0854;D:\tmp\jna-3373707;C:\Users\name\.gradle\native\1def1411415f61bf3af743bc5b6707747c0891f09f0c88961ee8f79bc544acac\windows-amd64

VM Arguments:
jvm_args: --add-modules=ALL-SYSTEM --add-opens=java.base/java.util=ALL-UNNAMED --add-opens=java.base/java.lang=ALL-UNNAMED --add-opens=java.base/sun.nio.fs=ALL-UNNAMED -Declipse.application=org.eclipse.jdt.ls.core.id1 -Dosgi.bundles.defaultStartLevel=4 -Declipse.product=org.eclipse.jdt.ls.core.product -Djava.import.generatesMetadataFilesAtProjectRoot=false -DDetectVMInstallationsJob.disabled=true -Dfile.encoding=utf8 -XX:+UseParallelGC -XX:GCTimeRatio=4 -XX:AdaptiveSizePolicyWeight=90 -Dsun.zip.disableMemoryMapping=true -Xmx2G -Xms100m -Xlog:disable -javaagent:c:\Users\name\.vscode\extensions\redhat.java-1.46.0-win32-x64\lombok\lombok-1.18.39-4050.jar -XX:+HeapDumpOnOutOfMemoryError -XX:HeapDumpPath=c:\Users\name\AppData\Roaming\Code\User\workspaceStorage\c410a81d827806d535e6576b0dcfe359\redhat.java -Daether.dependencyCollector.impl=bf 
java_command: c:\Users\name\.vscode\extensions\redhat.java-1.46.0-win32-x64\server\plugins\org.eclipse.equinox.launcher_1.7.0.v20250519-0528.jar -configuration c:\Users\name\AppData\Roaming\Code\User\globalStorage\redhat.java\1.46.0\config_win -data c:\Users\name\AppData\Roaming\Code\User\workspaceStorage\c410a81d827806d535e6576b0dcfe359\redhat.java\jdt_ws --pipe=\\.\pipe\lsp-19058a5b96509a1e1b4b246655609b12-sock
java_class_path (initial): c:\Users\name\.vscode\extensions\redhat.java-1.46.0-win32-x64\server\plugins\org.eclipse.equinox.launcher_1.7.0.v20250519-0528.jar
Launcher Type: SUN_STANDARD

[Global flags]
    uintx AdaptiveSizePolicyWeight                 = 90                                        {product} {command line}
     intx CICompilerCount                          = 4                                         {product} {ergonomic}
    uintx GCTimeRatio                              = 4                                         {product} {command line}
     bool HeapDumpOnOutOfMemoryError               = true                                   {manageable} {command line}
    ccstr HeapDumpPath                             = c:\Users\name\AppData\Roaming\Code\User\workspaceStorage\c410a81d827806d535e6576b0dcfe359\redhat.java         {manageable} {command line}
   size_t InitialHeapSize                          = 104857600                                 {product} {command line}
   size_t MaxHeapSize                              = 2147483648                                {product} {command line}
   size_t MaxNewSize                               = 715653120                                 {product} {ergonomic}
   size_t MinHeapDeltaBytes                        = 524288                                    {product} {ergonomic}
   size_t MinHeapSize                              = 104857600                                 {product} {command line}
   size_t NewSize                                  = 34603008                                  {product} {ergonomic}
    uintx NonNMethodCodeHeapSize                   = 5839372                                {pd product} {ergonomic}
    uintx NonProfiledCodeHeapSize                  = 122909434                              {pd product} {ergonomic}
   size_t OldSize                                  = 70254592                                  {product} {ergonomic}
    uintx ProfiledCodeHeapSize                     = 122909434                              {pd product} {ergonomic}
    uintx ReservedCodeCacheSize                    = 251658240                              {pd product} {ergonomic}
     bool SegmentedCodeCache                       = true                                      {product} {ergonomic}
   size_t SoftMaxHeapSize                          = 2147483648                             {manageable} {ergonomic}
     bool UseCompressedOops                        = true                           {product lp64_product} {ergonomic}
     bool UseLargePagesIndividualAllocation        = false                                  {pd product} {ergonomic}
     bool UseParallelGC                            = true                                      {product} {command line}

Logging:
Log output configuration:
 #0: stdout all=off uptime,level,tags foldmultilines=false
 #1: stderr all=off uptime,level,tags foldmultilines=false

Environment Variables:
PATH=C:\Program Files (x86)\VMware\VMware Workstation\bin\;C:\xampp\php;C:\xampp\php;C:\Program Files\Common Files\Oracle\Java\javapath;C:\Program Files (x86)\Common Files\Oracle\Java\java8path;C:\Program Files (x86)\Common Files\Oracle\Java\javapath;C:\ProgramData\Oracle\Java\javapath;C:\Windows\system32;C:\Windows;C:\Windows\System32\Wbem;C:\Windows\System32\WindowsPowerShell\v1.0\;C:\Windows\System32\OpenSSH\;C:\Program Files (x86)\NVIDIA Corporation\PhysX\Common;C:\WINDOWS\system32;C:\WINDOWS;C:\WINDOWS\System32\Wbem;C:\WINDOWS\System32\WindowsPowerShell\v1.0\;C:\WINDOWS\System32\OpenSSH\;C:\Program Files (x86)\Microsoft SQL Server\160\Tools\Binn\;C:\Program Files\Microsoft SQL Server\160\Tools\Binn\;C:\Program Files\Microsoft SQL Server\Client SDK\ODBC\170\Tools\Binn\;C:\Program Files\Microsoft SQL Server\160\DTS\Binn\;E:\apache-maven-3.9.9-bin;C:\Program Files\Cloudflare\Cloudflare WARP\;C:\Users\name\AppData\Local\nvm;C:\nvm4w\nodejs;C:\Program Files\NVIDIA Corporation\NVIDIA app\NvDLISR;C:\Program Files\PostgreSQL\17\bin;C:\ProgramData\ComposerSetup\bin;C:\Program Files\Docker\Docker\resources\bin;E:\Git\cmd;C:\Users\name\AppData\Local\Microsoft\WindowsApps;C:\Users\name\AppData\Local\Programs\Microsoft VS Code\bin;C:\Users\name\AppData\Roaming\npm;C:\Users\name\AppData\Local\nvm;C:\nvm4w\nodejs;D:\npm-global;C:\Users\name\AppData\Local\Programs\cursor\resources\app\bin;C:\Users\name\AppData\Roaming\Composer\vendor\bin
USERNAME=name
OS=Windows_NT
PROCESSOR_IDENTIFIER=AMD64 Family 25 Model 80 Stepping 0, AuthenticAMD
TMP=D:\tmp
TEMP=C:\Users\name\AppData\Local\Temp




Periodic native trim disabled

---------------  S Y S T E M  ---------------

OS:
 Windows 11 , 64 bit Build 22621 (10.0.22621.5415)
OS uptime: 0 days 5:08 hours
Hyper-V role detected

CPU: total 12 (initial active 12) (12 cores per cpu, 2 threads per core) family 25 model 80 stepping 0 microcode 0x0, cx8, cmov, fxsr, ht, mmx, 3dnowpref, sse, sse2, sse3, ssse3, sse4a, sse4.1, sse4.2, popcnt, lzcnt, tsc, tscinvbit, avx, avx2, aes, erms, clmul, bmi1, bmi2, adx, sha, fma, vzeroupper, clflush, clflushopt, hv, rdtscp, rdpid, fsrm, f16c, cet_ss
Processor Information for the first 12 processors :
  Max Mhz: 3301, Current Mhz: 3301, Mhz Limit: 3301

Memory: 4k page, system-wide physical 7532M (462M free)
TotalPageFile size 20500M (AvailPageFile size 9M)
current process WorkingSet (physical memory assigned to process): 275M, peak: 275M
current process commit charge ("private bytes"): 369M, peak: 377M

vm_info: OpenJDK 64-Bit Server VM (21.0.8+9-LTS) for windows-amd64 JRE (21.0.8+9-LTS), built on 2025-07-15T00:00:00Z by "admin" with MS VC++ 17.7 (VS2022)

END.
