#
# There is insufficient memory for the Java Runtime Environment to continue.
# Native memory allocation (malloc) failed to allocate 1048576 bytes. Error detail: AllocateHeap
# Possible reasons:
#   The system is out of physical RAM or swap space
#   This process is running with CompressedOops enabled, and the Java Heap may be blocking the growth of the native heap
# Possible solutions:
#   Reduce memory load on the system
#   Increase physical memory or swap space
#   Check if swap backing store is full
#   Decrease Java heap size (-Xmx/-Xms)
#   Decrease number of Java threads
#   Decrease Java thread stack sizes (-Xss)
#   Set larger code cache with -XX:ReservedCodeCacheSize=
#   JVM is running with Unscaled Compressed Oops mode in which the Java heap is
#     placed in the first 4GB address space. The Java Heap base address is the
#     maximum limit for the native heap growth. Please use -XX:HeapBaseMinAddress
#     to set the Java Heap base and to place the Java Heap above 4GB virtual address.
# This output file may be truncated or incomplete.
#
#  Out of Memory Error (allocation.cpp:44), pid=26132, tid=20060
#
# JRE version: OpenJDK Runtime Environment Temurin-21.0.8+9 (21.0.8+9) (build 21.0.8+9-LTS)
# Java VM: OpenJDK 64-Bit Server VM Temurin-21.0.8+9 (21.0.8+9-LTS, mixed mode, sharing, tiered, compressed oops, compressed class ptrs, parallel gc, windows-amd64)
# No core dump will be written. Minidumps are not enabled by default on client versions of Windows
#

---------------  S U M M A R Y ------------

Command Line: --add-modules=ALL-SYSTEM --add-opens=java.base/java.util=ALL-UNNAMED --add-opens=java.base/java.lang=ALL-UNNAMED --add-opens=java.base/sun.nio.fs=ALL-UNNAMED -Declipse.application=org.eclipse.jdt.ls.core.id1 -Dosgi.bundles.defaultStartLevel=4 -Declipse.product=org.eclipse.jdt.ls.core.product -Djava.import.generatesMetadataFilesAtProjectRoot=false -DDetectVMInstallationsJob.disabled=true -Dfile.encoding=utf8 -XX:+UseParallelGC -XX:GCTimeRatio=4 -XX:AdaptiveSizePolicyWeight=90 -Dsun.zip.disableMemoryMapping=true -Xmx2G -Xms100m -Xlog:disable -javaagent:c:\Users\name\.vscode\extensions\redhat.java-1.46.0-win32-x64\lombok\lombok-1.18.39-4050.jar -XX:+HeapDumpOnOutOfMemoryError -XX:HeapDumpPath=c:\Users\name\AppData\Roaming\Code\User\workspaceStorage\c410a81d827806d535e6576b0dcfe359\redhat.java -Daether.dependencyCollector.impl=bf c:\Users\name\.vscode\extensions\redhat.java-1.46.0-win32-x64\server\plugins\org.eclipse.equinox.launcher_1.7.0.v20250519-0528.jar -configuration c:\Users\name\AppData\Roaming\Code\User\globalStorage\redhat.java\1.46.0\config_win -data c:\Users\name\AppData\Roaming\Code\User\workspaceStorage\c410a81d827806d535e6576b0dcfe359\redhat.java\jdt_ws --pipe=\\.\pipe\lsp-8f2022c813999fd12e04d0df04da2e2f-sock

Host: AMD Ryzen 5 5600H with Radeon Graphics         , 12 cores, 7G,  Windows 11 , 64 bit Build 22621 (10.0.22621.5415)
Time: Tue Oct 28 20:25:12 2025 SE Asia Standard Time elapsed time: 2284.434132 seconds (0d 0h 38m 4s)

---------------  T H R E A D  ---------------

Current thread (0x000001a37e34c540):  JavaThread "Attach Listener" daemon [_thread_in_vm, id=20060, stack(0x0000008198300000,0x0000008198400000) (1024K)]

Stack: [0x0000008198300000,0x0000008198400000]
Native frames: (J=compiled Java code, j=interpreted, Vv=VM code, C=native code)
V  [jvm.dll+0x6d2449]
V  [jvm.dll+0x8ae341]
V  [jvm.dll+0x8b08be]
V  [jvm.dll+0x8b0fa3]
V  [jvm.dll+0x280c96]
V  [jvm.dll+0xc0347]
V  [jvm.dll+0x6d2cf9]
V  [jvm.dll+0x131116]
V  [jvm.dll+0x3f2d16]
V  [jvm.dll+0x857e6b]
V  [jvm.dll+0x6d0b0d]
C  [ucrtbase.dll+0x29333]
C  [KERNEL32.DLL+0x1259d]
C  [ntdll.dll+0x5af78]


---------------  P R O C E S S  ---------------

Threads class SMR info:
_java_thread_list=0x000001a34b787020, length=39, elements={
0x000001a3695c4fe0, 0x000001a37e348f90, 0x000001a37e349b40, 0x000001a37e34b630,
0x000001a37e34c540, 0x000001a37e350210, 0x000001a37e350c60, 0x000001a37e351a90,
0x000001a37f6dc730, 0x000001a36b938270, 0x000001a37fa02bd0, 0x000001a3459dead0,
0x000001a37f72e650, 0x000001a3458d3b50, 0x000001a37f8c7f40, 0x000001a34a55b950,
0x000001a34a35c6b0, 0x000001a34a0cda10, 0x000001a3458228f0, 0x000001a34aabcaa0,
0x000001a34aabb6f0, 0x000001a34aabd130, 0x000001a34aabde50, 0x000001a34af59030,
0x000001a34af5a3e0, 0x000001a34af5aa70, 0x000001a34af5b100, 0x000001a34af59d50,
0x000001a34af589a0, 0x000001a34af5be20, 0x000001a34af5b790, 0x000001a34af596c0,
0x000001a34c1fed80, 0x000001a34c1fe060, 0x000001a34c200e50, 0x000001a34c1fb900,
0x000001a34c1ff410, 0x000001a34c1fbf90, 0x000001a34c1fc620
}

Java Threads: ( => current thread )
  0x000001a3695c4fe0 JavaThread "main"                              [_thread_blocked, id=24968, stack(0x0000008197c00000,0x0000008197d00000) (1024K)]
  0x000001a37e348f90 JavaThread "Reference Handler"          daemon [_thread_blocked, id=12088, stack(0x0000008198000000,0x0000008198100000) (1024K)]
  0x000001a37e349b40 JavaThread "Finalizer"                  daemon [_thread_blocked, id=19076, stack(0x0000008198100000,0x0000008198200000) (1024K)]
  0x000001a37e34b630 JavaThread "Signal Dispatcher"          daemon [_thread_blocked, id=24132, stack(0x0000008198200000,0x0000008198300000) (1024K)]
=>0x000001a37e34c540 JavaThread "Attach Listener"            daemon [_thread_in_vm, id=20060, stack(0x0000008198300000,0x0000008198400000) (1024K)]
  0x000001a37e350210 JavaThread "Service Thread"             daemon [_thread_blocked, id=25176, stack(0x0000008198400000,0x0000008198500000) (1024K)]
  0x000001a37e350c60 JavaThread "Monitor Deflation Thread"   daemon [_thread_blocked, id=17264, stack(0x0000008198500000,0x0000008198600000) (1024K)]
  0x000001a37e351a90 JavaThread "C2 CompilerThread0"         daemon [_thread_blocked, id=8960, stack(0x0000008198600000,0x0000008198700000) (1024K)]
  0x000001a37f6dc730 JavaThread "C1 CompilerThread0"         daemon [_thread_blocked, id=25564, stack(0x0000008198700000,0x0000008198800000) (1024K)]
  0x000001a36b938270 JavaThread "Common-Cleaner"             daemon [_thread_blocked, id=14148, stack(0x0000008198800000,0x0000008198900000) (1024K)]
  0x000001a37fa02bd0 JavaThread "Notification Thread"        daemon [_thread_blocked, id=4440, stack(0x0000008198900000,0x0000008198a00000) (1024K)]
  0x000001a3459dead0 JavaThread "Active Thread: Equinox Container: d9874dfc-4b58-4ed9-a66a-f64b891c3d7a"        [_thread_blocked, id=26044, stack(0x0000008199000000,0x0000008199100000) (1024K)]
  0x000001a37f72e650 JavaThread "Refresh Thread: Equinox Container: d9874dfc-4b58-4ed9-a66a-f64b891c3d7a" daemon [_thread_blocked, id=25256, stack(0x0000008199200000,0x0000008199300000) (1024K)]
  0x000001a3458d3b50 JavaThread "Framework Event Dispatcher: Equinox Container: d9874dfc-4b58-4ed9-a66a-f64b891c3d7a" daemon [_thread_blocked, id=16016, stack(0x0000008199300000,0x0000008199400000) (1024K)]
  0x000001a37f8c7f40 JavaThread "Start Level: Equinox Container: d9874dfc-4b58-4ed9-a66a-f64b891c3d7a" daemon [_thread_blocked, id=22676, stack(0x0000008199400000,0x0000008199500000) (1024K)]
  0x000001a34a55b950 JavaThread "Bundle File Closer"         daemon [_thread_blocked, id=2812, stack(0x0000008199700000,0x0000008199800000) (1024K)]
  0x000001a34a35c6b0 JavaThread "SCR Component Actor"        daemon [_thread_blocked, id=12848, stack(0x0000008199800000,0x0000008199900000) (1024K)]
  0x000001a34a0cda10 JavaThread "Worker-JM"                         [_thread_blocked, id=4964, stack(0x0000008199900000,0x0000008199a00000) (1024K)]
  0x000001a3458228f0 JavaThread "JNA Cleaner"                daemon [_thread_blocked, id=21912, stack(0x0000008199a00000,0x0000008199b00000) (1024K)]
  0x000001a34aabcaa0 JavaThread "Java indexing"              daemon [_thread_blocked, id=19956, stack(0x0000008199d00000,0x0000008199e00000) (1024K)]
  0x000001a34aabb6f0 JavaThread "Worker-3"                          [_thread_blocked, id=3300, stack(0x0000008199f00000,0x000000819a000000) (1024K)]
  0x000001a34aabd130 JavaThread "Worker-4"                          [_thread_blocked, id=10816, stack(0x000000819a000000,0x000000819a100000) (1024K)]
  0x000001a34aabde50 JavaThread "Thread-1"                   daemon [_thread_in_native, id=21196, stack(0x000000819a200000,0x000000819a300000) (1024K)]
  0x000001a34af59030 JavaThread "Thread-2"                   daemon [_thread_in_native, id=23900, stack(0x000000819a300000,0x000000819a400000) (1024K)]
  0x000001a34af5a3e0 JavaThread "Thread-3"                   daemon [_thread_in_native, id=22388, stack(0x000000819a400000,0x000000819a500000) (1024K)]
  0x000001a34af5aa70 JavaThread "Thread-4"                   daemon [_thread_in_native, id=17268, stack(0x000000819a500000,0x000000819a600000) (1024K)]
  0x000001a34af5b100 JavaThread "Thread-5"                   daemon [_thread_in_native, id=25720, stack(0x000000819a600000,0x000000819a700000) (1024K)]
  0x000001a34af59d50 JavaThread "Thread-6"                   daemon [_thread_in_native, id=17868, stack(0x000000819a700000,0x000000819a800000) (1024K)]
  0x000001a34af589a0 JavaThread "Thread-7"                   daemon [_thread_in_native, id=4516, stack(0x000000819a800000,0x000000819a900000) (1024K)]
  0x000001a34af5be20 JavaThread "Thread-8"                   daemon [_thread_in_native, id=10296, stack(0x000000819a900000,0x000000819aa00000) (1024K)]
  0x000001a34af5b790 JavaThread "Thread-9"                   daemon [_thread_in_native, id=26492, stack(0x000000819aa00000,0x000000819ab00000) (1024K)]
  0x000001a34af596c0 JavaThread "Thread-10"                  daemon [_thread_in_native, id=9196, stack(0x000000819ab00000,0x000000819ac00000) (1024K)]
  0x000001a34c1fed80 JavaThread "Thread-11"                  daemon [_thread_in_native, id=16156, stack(0x000000819ac00000,0x000000819ad00000) (1024K)]
  0x000001a34c1fe060 JavaThread "Thread-12"                  daemon [_thread_in_native, id=11420, stack(0x000000819ad00000,0x000000819ae00000) (1024K)]
  0x000001a34c200e50 JavaThread "Thread-13"                  daemon [_thread_in_native, id=7668, stack(0x000000819ae00000,0x000000819af00000) (1024K)]
  0x000001a34c1fb900 JavaThread "pool-2-thread-1"                   [_thread_blocked, id=16560, stack(0x000000819af00000,0x000000819b000000) (1024K)]
  0x000001a34c1ff410 JavaThread "WorkspaceEventsHandler"            [_thread_blocked, id=20980, stack(0x000000819b000000,0x000000819b100000) (1024K)]
  0x000001a34c1fbf90 JavaThread "pool-1-thread-1"                   [_thread_blocked, id=17580, stack(0x000000819b100000,0x000000819b200000) (1024K)]
  0x000001a34c1fc620 JavaThread "Timer-0"                           [_thread_blocked, id=23884, stack(0x000000819b400000,0x000000819b500000) (1024K)]
Total: 39

Other Threads:
  0x000001a37e342c70 VMThread "VM Thread"                           [id=18204, stack(0x0000008197f00000,0x0000008198000000) (1024K)] _threads_hazard_ptr=0x000001a34b787020
  0x000001a37e23ca00 WatcherThread "VM Periodic Task Thread"        [id=5812, stack(0x0000008197e00000,0x0000008197f00000) (1024K)]
  0x000001a36b8e83b0 WorkerThread "GC Thread#0"                     [id=24604, stack(0x0000008197d00000,0x0000008197e00000) (1024K)]
  0x000001a345a7f960 WorkerThread "GC Thread#1"                     [id=26060, stack(0x0000008198a00000,0x0000008198b00000) (1024K)]
  0x000001a345a7fd00 WorkerThread "GC Thread#2"                     [id=5116, stack(0x0000008198b00000,0x0000008198c00000) (1024K)]
  0x000001a345a800a0 WorkerThread "GC Thread#3"                     [id=3368, stack(0x0000008198c00000,0x0000008198d00000) (1024K)]
  0x000001a3458ef5a0 WorkerThread "GC Thread#4"                     [id=16536, stack(0x0000008198d00000,0x0000008198e00000) (1024K)]
  0x000001a3458ef940 WorkerThread "GC Thread#5"                     [id=23640, stack(0x0000008198e00000,0x0000008198f00000) (1024K)]
  0x000001a3458efce0 WorkerThread "GC Thread#6"                     [id=25080, stack(0x0000008198f00000,0x0000008199000000) (1024K)]
  0x000001a37e35dae0 WorkerThread "GC Thread#7"                     [id=13440, stack(0x0000008199100000,0x0000008199200000) (1024K)]
  0x000001a37f804e70 WorkerThread "GC Thread#8"                     [id=2052, stack(0x0000008199500000,0x0000008199600000) (1024K)]
  0x000001a37f8d8000 WorkerThread "GC Thread#9"                     [id=23224, stack(0x0000008199600000,0x0000008199700000) (1024K)]
Total: 12

Threads with active compile tasks:
Total: 0

VM state: not at safepoint (normal execution)

VM Mutex/Monitor currently owned by a thread: None

Heap address: 0x0000000080000000, size: 2048 MB, Compressed Oops mode: 32-bit

CDS archive(s) mapped at: [0x000001a304000000-0x000001a304ba0000-0x000001a304ba0000), size 12189696, SharedBaseAddress: 0x000001a304000000, ArchiveRelocationMode: 1.
Compressed class space mapped at: 0x000001a305000000-0x000001a345000000, reserved size: 1073741824
Narrow klass base: 0x000001a304000000, Narrow klass shift: 0, Narrow klass range: 0x100000000

GC Precious Log:
 CardTable entry size: 512
 CPUs: 12 total, 12 available
 Memory: 7532M
 Large Page Support: Disabled
 NUMA Support: Disabled
 Compressed Oops: Enabled (32-bit)
 Alignments: Space 512K, Generation 512K, Heap 2M
 Heap Min Capacity: 100M
 Heap Initial Capacity: 100M
 Heap Max Capacity: 2G
 Pre-touch: Disabled
 Parallel Workers: 10

Heap:
 PSYoungGen      total 14336K, used 11555K [0x00000000d5580000, 0x00000000d6600000, 0x0000000100000000)
  eden space 12800K, 81% used [0x00000000d5580000,0x00000000d5fa28a8,0x00000000d6200000)
  from space 1536K, 76% used [0x00000000d6200000,0x00000000d6326490,0x00000000d6380000)
  to   space 2048K, 0% used [0x00000000d6400000,0x00000000d6400000,0x00000000d6600000)
 ParOldGen       total 68608K, used 55764K [0x0000000080000000, 0x0000000084300000, 0x00000000d5580000)
  object space 68608K, 81% used [0x0000000080000000,0x0000000083675238,0x0000000084300000)
 Metaspace       used 62959K, committed 64320K, reserved 1114112K
  class space    used 7368K, committed 8000K, reserved 1048576K

Card table byte_map: [0x000001a36b280000,0x000001a36b690000] _byte_map_base: 0x000001a36ae80000

Marking Bits: (ParMarkBitMap*) 0x00007fffc3ada340
 Begin Bits: [0x000001a300000000, 0x000001a302000000)
 End Bits:   [0x000001a302000000, 0x000001a304000000)

Polling page: 0x000001a369570000

Metaspace:

Usage:
  Non-class:     54.29 MB used.
      Class:      7.20 MB used.
       Both:     61.48 MB used.

Virtual space:
  Non-class space:       64.00 MB reserved,      55.00 MB ( 86%) committed,  1 nodes.
      Class space:        1.00 GB reserved,       7.81 MB ( <1%) committed,  1 nodes.
             Both:        1.06 GB reserved,      62.81 MB (  6%) committed. 

Chunk freelists:
   Non-Class:  8.94 MB
       Class:  8.00 MB
        Both:  16.95 MB

MaxMetaspaceSize: unlimited
CompressedClassSpaceSize: 1.00 GB
Initial GC threshold: 21.00 MB
Current GC threshold: 97.31 MB
CDS: on
 - commit_granule_bytes: 65536.
 - commit_granule_words: 8192.
 - virtual_space_node_default_size: 8388608.
 - enlarge_chunks_in_place: 1.
 - use_allocation_guard: 0.


Internal statistics:

num_allocs_failed_limit: 9.
num_arena_births: 1028.
num_arena_deaths: 14.
num_vsnodes_births: 2.
num_vsnodes_deaths: 0.
num_space_committed: 1005.
num_space_uncommitted: 0.
num_chunks_returned_to_freelist: 23.
num_chunks_taken_from_freelist: 3627.
num_chunk_merges: 12.
num_chunk_splits: 2308.
num_chunks_enlarged: 1431.
num_inconsistent_stats: 0.

CodeHeap 'non-profiled nmethods': size=120000Kb used=3442Kb max_used=3442Kb free=116557Kb
 bounds [0x000001a376580000, 0x000001a3768e0000, 0x000001a37dab0000]
CodeHeap 'profiled nmethods': size=120000Kb used=14829Kb max_used=14829Kb free=105171Kb
 bounds [0x000001a36eab0000, 0x000001a36f930000, 0x000001a375fe0000]
CodeHeap 'non-nmethods': size=5760Kb used=1427Kb max_used=1491Kb free=4332Kb
 bounds [0x000001a375fe0000, 0x000001a376250000, 0x000001a376580000]
CodeCache: size=245760Kb, used=19698Kb, max_used=19762Kb, free=226060Kb
 total_blobs=8550, nmethods=7816, adapters=640, full_count=0
Compilation: enabled, stopped_count=0, restarted_count=0

Compilation events (20 events):
Event: 2087.094 Thread 0x000001a37f6dc730 8474       3       java.util.concurrent.locks.AbstractQueuedSynchronizer$ConditionObject::awaitNanos (207 bytes)
Event: 2087.116 Thread 0x000001a37f6dc730 nmethod 8474 0x000001a36f91ce90 code [0x000001a36f91d180, 0x000001a36f91e030]
Event: 2097.097 Thread 0x000001a37f6dc730 8475   !   3       java.util.concurrent.ScheduledThreadPoolExecutor$DelayedWorkQueue::offer (123 bytes)
Event: 2097.115 Thread 0x000001a37f6dc730 nmethod 8475 0x000001a36f91e590 code [0x000001a36f91e8a0, 0x000001a36f91fc30]
Event: 2097.115 Thread 0x000001a37f6dc730 8476       3       java.util.concurrent.ThreadPoolExecutor::ensurePrestart (41 bytes)
Event: 2097.121 Thread 0x000001a37f6dc730 nmethod 8476 0x000001a36f920490 code [0x000001a36f920660, 0x000001a36f920910]
Event: 2103.735 Thread 0x000001a37f6dc730 8477       3       org.eclipse.core.internal.jobs.JobManager::startJob (89 bytes)
Event: 2103.766 Thread 0x000001a37f6dc730 nmethod 8477 0x000001a36f920a10 code [0x000001a36f920cc0, 0x000001a36f921b20]
Event: 2103.766 Thread 0x000001a37f6dc730 8478   !   3       org.eclipse.core.internal.jobs.JobManager::nextJob (291 bytes)
Event: 2103.791 Thread 0x000001a37f6dc730 nmethod 8478 0x000001a36f921f90 code [0x000001a36f922420, 0x000001a36f924558]
Event: 2107.096 Thread 0x000001a37f6dc730 8479   !   3       java.util.concurrent.FutureTask::runAndReset (125 bytes)
Event: 2107.106 Thread 0x000001a37f6dc730 nmethod 8479 0x000001a36f925690 code [0x000001a36f925b00, 0x000001a36f9281b8]
Event: 2107.106 Thread 0x000001a37f6dc730 8480       3       java.util.concurrent.ScheduledThreadPoolExecutor$ScheduledFutureTask::setNextRunTime (38 bytes)
Event: 2107.106 Thread 0x000001a37f6dc730 nmethod 8480 0x000001a36f928d10 code [0x000001a36f928ec0, 0x000001a36f929150]
Event: 2107.106 Thread 0x000001a37f6dc730 8481       3       java.util.concurrent.ScheduledThreadPoolExecutor::reExecutePeriodic (49 bytes)
Event: 2107.109 Thread 0x000001a37f6dc730 nmethod 8481 0x000001a36f929210 code [0x000001a36f929440, 0x000001a36f929bc0]
Event: 2123.871 Thread 0x000001a37f6dc730 8482   !   3       org.eclipse.core.internal.jobs.JobManager::sleepHint (67 bytes)
Event: 2123.873 Thread 0x000001a37f6dc730 nmethod 8482 0x000001a36f929e10 code [0x000001a36f92a080, 0x000001a36f92ab50]
Event: 2123.873 Thread 0x000001a37f6dc730 8483       3       org.eclipse.core.internal.jobs.JobQueue::isEmpty (18 bytes)
Event: 2123.873 Thread 0x000001a37f6dc730 nmethod 8483 0x000001a36f92b010 code [0x000001a36f92b1c0, 0x000001a36f92b350]

GC Heap History (20 events):
Event: 30.742 GC heap before
{Heap before GC invocations=37 (full 3):
 PSYoungGen      total 15872K, used 14336K [0x00000000d5580000, 0x00000000d6700000, 0x0000000100000000)
  eden space 14336K, 100% used [0x00000000d5580000,0x00000000d6380000,0x00000000d6380000)
  from space 1536K, 0% used [0x00000000d6480000,0x00000000d6480000,0x00000000d6600000)
  to   space 1024K, 0% used [0x00000000d6600000,0x00000000d6600000,0x00000000d6700000)
 ParOldGen       total 68608K, used 45086K [0x0000000080000000, 0x0000000084300000, 0x00000000d5580000)
  object space 68608K, 65% used [0x0000000080000000,0x0000000082c07840,0x0000000084300000)
 Metaspace       used 59180K, committed 60544K, reserved 1114112K
  class space    used 6997K, committed 7616K, reserved 1048576K
}
Event: 30.745 GC heap after
{Heap after GC invocations=37 (full 3):
 PSYoungGen      total 15360K, used 1024K [0x00000000d5580000, 0x00000000d6700000, 0x0000000100000000)
  eden space 14336K, 0% used [0x00000000d5580000,0x00000000d5580000,0x00000000d6380000)
  from space 1024K, 100% used [0x00000000d6600000,0x00000000d6700000,0x00000000d6700000)
  to   space 1536K, 0% used [0x00000000d6400000,0x00000000d6400000,0x00000000d6580000)
 ParOldGen       total 68608K, used 45358K [0x0000000080000000, 0x0000000084300000, 0x00000000d5580000)
  object space 68608K, 66% used [0x0000000080000000,0x0000000082c4b860,0x0000000084300000)
 Metaspace       used 59180K, committed 60544K, reserved 1114112K
  class space    used 6997K, committed 7616K, reserved 1048576K
}
Event: 30.799 GC heap before
{Heap before GC invocations=38 (full 3):
 PSYoungGen      total 15360K, used 15360K [0x00000000d5580000, 0x00000000d6700000, 0x0000000100000000)
  eden space 14336K, 100% used [0x00000000d5580000,0x00000000d6380000,0x00000000d6380000)
  from space 1024K, 100% used [0x00000000d6600000,0x00000000d6700000,0x00000000d6700000)
  to   space 1536K, 0% used [0x00000000d6400000,0x00000000d6400000,0x00000000d6580000)
 ParOldGen       total 68608K, used 45358K [0x0000000080000000, 0x0000000084300000, 0x00000000d5580000)
  object space 68608K, 66% used [0x0000000080000000,0x0000000082c4b860,0x0000000084300000)
 Metaspace       used 59196K, committed 60544K, reserved 1114112K
  class space    used 6999K, committed 7616K, reserved 1048576K
}
Event: 30.801 GC heap after
{Heap after GC invocations=38 (full 3):
 PSYoungGen      total 15872K, used 1408K [0x00000000d5580000, 0x00000000d6680000, 0x0000000100000000)
  eden space 14336K, 0% used [0x00000000d5580000,0x00000000d5580000,0x00000000d6380000)
  from space 1536K, 91% used [0x00000000d6400000,0x00000000d6560000,0x00000000d6580000)
  to   space 1024K, 0% used [0x00000000d6580000,0x00000000d6580000,0x00000000d6680000)
 ParOldGen       total 68608K, used 46346K [0x0000000080000000, 0x0000000084300000, 0x00000000d5580000)
  object space 68608K, 67% used [0x0000000080000000,0x0000000082d429c8,0x0000000084300000)
 Metaspace       used 59196K, committed 60544K, reserved 1114112K
  class space    used 6999K, committed 7616K, reserved 1048576K
}
Event: 30.902 GC heap before
{Heap before GC invocations=39 (full 3):
 PSYoungGen      total 15872K, used 15744K [0x00000000d5580000, 0x00000000d6680000, 0x0000000100000000)
  eden space 14336K, 100% used [0x00000000d5580000,0x00000000d6380000,0x00000000d6380000)
  from space 1536K, 91% used [0x00000000d6400000,0x00000000d6560000,0x00000000d6580000)
  to   space 1024K, 0% used [0x00000000d6580000,0x00000000d6580000,0x00000000d6680000)
 ParOldGen       total 68608K, used 46346K [0x0000000080000000, 0x0000000084300000, 0x00000000d5580000)
  object space 68608K, 67% used [0x0000000080000000,0x0000000082d429c8,0x0000000084300000)
 Metaspace       used 59534K, committed 60928K, reserved 1114112K
  class space    used 7028K, committed 7680K, reserved 1048576K
}
Event: 30.906 GC heap after
{Heap after GC invocations=39 (full 3):
 PSYoungGen      total 14336K, used 1024K [0x00000000d5580000, 0x00000000d6980000, 0x0000000100000000)
  eden space 13312K, 0% used [0x00000000d5580000,0x00000000d5580000,0x00000000d6280000)
  from space 1024K, 100% used [0x00000000d6580000,0x00000000d6680000,0x00000000d6680000)
  to   space 3072K, 0% used [0x00000000d6280000,0x00000000d6280000,0x00000000d6580000)
 ParOldGen       total 68608K, used 47938K [0x0000000080000000, 0x0000000084300000, 0x00000000d5580000)
  object space 68608K, 69% used [0x0000000080000000,0x0000000082ed09c8,0x0000000084300000)
 Metaspace       used 59534K, committed 60928K, reserved 1114112K
  class space    used 7028K, committed 7680K, reserved 1048576K
}
Event: 30.966 GC heap before
{Heap before GC invocations=40 (full 3):
 PSYoungGen      total 14336K, used 14336K [0x00000000d5580000, 0x00000000d6980000, 0x0000000100000000)
  eden space 13312K, 100% used [0x00000000d5580000,0x00000000d6280000,0x00000000d6280000)
  from space 1024K, 100% used [0x00000000d6580000,0x00000000d6680000,0x00000000d6680000)
  to   space 3072K, 0% used [0x00000000d6280000,0x00000000d6280000,0x00000000d6580000)
 ParOldGen       total 68608K, used 47938K [0x0000000080000000, 0x0000000084300000, 0x00000000d5580000)
  object space 68608K, 69% used [0x0000000080000000,0x0000000082ed09c8,0x0000000084300000)
 Metaspace       used 59695K, committed 61120K, reserved 1114112K
  class space    used 7047K, committed 7680K, reserved 1048576K
}
Event: 30.969 GC heap after
{Heap after GC invocations=40 (full 3):
 PSYoungGen      total 15872K, used 2447K [0x00000000d5580000, 0x00000000d6780000, 0x0000000100000000)
  eden space 13312K, 0% used [0x00000000d5580000,0x00000000d5580000,0x00000000d6280000)
  from space 2560K, 95% used [0x00000000d6280000,0x00000000d64e3dc0,0x00000000d6500000)
  to   space 2560K, 0% used [0x00000000d6500000,0x00000000d6500000,0x00000000d6780000)
 ParOldGen       total 68608K, used 48968K [0x0000000080000000, 0x0000000084300000, 0x00000000d5580000)
  object space 68608K, 71% used [0x0000000080000000,0x0000000082fd2378,0x0000000084300000)
 Metaspace       used 59695K, committed 61120K, reserved 1114112K
  class space    used 7047K, committed 7680K, reserved 1048576K
}
Event: 31.029 GC heap before
{Heap before GC invocations=41 (full 3):
 PSYoungGen      total 15872K, used 15759K [0x00000000d5580000, 0x00000000d6780000, 0x0000000100000000)
  eden space 13312K, 100% used [0x00000000d5580000,0x00000000d6280000,0x00000000d6280000)
  from space 2560K, 95% used [0x00000000d6280000,0x00000000d64e3dc0,0x00000000d6500000)
  to   space 2560K, 0% used [0x00000000d6500000,0x00000000d6500000,0x00000000d6780000)
 ParOldGen       total 68608K, used 48968K [0x0000000080000000, 0x0000000084300000, 0x00000000d5580000)
  object space 68608K, 71% used [0x0000000080000000,0x0000000082fd2378,0x0000000084300000)
 Metaspace       used 59742K, committed 61120K, reserved 1114112K
  class space    used 7050K, committed 7680K, reserved 1048576K
}
Event: 31.034 GC heap after
{Heap after GC invocations=41 (full 3):
 PSYoungGen      total 14848K, used 1056K [0x00000000d5580000, 0x00000000d6680000, 0x0000000100000000)
  eden space 13312K, 0% used [0x00000000d5580000,0x00000000d5580000,0x00000000d6280000)
  from space 1536K, 68% used [0x00000000d6500000,0x00000000d6608000,0x00000000d6680000)
  to   space 2048K, 0% used [0x00000000d6280000,0x00000000d6280000,0x00000000d6480000)
 ParOldGen       total 68608K, used 50182K [0x0000000080000000, 0x0000000084300000, 0x00000000d5580000)
  object space 68608K, 73% used [0x0000000080000000,0x00000000831019f0,0x0000000084300000)
 Metaspace       used 59742K, committed 61120K, reserved 1114112K
  class space    used 7050K, committed 7680K, reserved 1048576K
}
Event: 31.247 GC heap before
{Heap before GC invocations=42 (full 3):
 PSYoungGen      total 14848K, used 14368K [0x00000000d5580000, 0x00000000d6680000, 0x0000000100000000)
  eden space 13312K, 100% used [0x00000000d5580000,0x00000000d6280000,0x00000000d6280000)
  from space 1536K, 68% used [0x00000000d6500000,0x00000000d6608000,0x00000000d6680000)
  to   space 2048K, 0% used [0x00000000d6280000,0x00000000d6280000,0x00000000d6480000)
 ParOldGen       total 68608K, used 50182K [0x0000000080000000, 0x0000000084300000, 0x00000000d5580000)
  object space 68608K, 73% used [0x0000000080000000,0x00000000831019f0,0x0000000084300000)
 Metaspace       used 60172K, committed 61504K, reserved 1114112K
  class space    used 7112K, committed 7680K, reserved 1048576K
}
Event: 31.252 GC heap after
{Heap after GC invocations=42 (full 3):
 PSYoungGen      total 15360K, used 1456K [0x00000000d5580000, 0x00000000d6680000, 0x0000000100000000)
  eden space 13312K, 0% used [0x00000000d5580000,0x00000000d5580000,0x00000000d6280000)
  from space 2048K, 71% used [0x00000000d6280000,0x00000000d63ec020,0x00000000d6480000)
  to   space 2048K, 0% used [0x00000000d6480000,0x00000000d6480000,0x00000000d6680000)
 ParOldGen       total 68608K, used 51086K [0x0000000080000000, 0x0000000084300000, 0x00000000d5580000)
  object space 68608K, 74% used [0x0000000080000000,0x00000000831e39f0,0x0000000084300000)
 Metaspace       used 60172K, committed 61504K, reserved 1114112K
  class space    used 7112K, committed 7680K, reserved 1048576K
}
Event: 31.316 GC heap before
{Heap before GC invocations=43 (full 3):
 PSYoungGen      total 15360K, used 14768K [0x00000000d5580000, 0x00000000d6680000, 0x0000000100000000)
  eden space 13312K, 100% used [0x00000000d5580000,0x00000000d6280000,0x00000000d6280000)
  from space 2048K, 71% used [0x00000000d6280000,0x00000000d63ec020,0x00000000d6480000)
  to   space 2048K, 0% used [0x00000000d6480000,0x00000000d6480000,0x00000000d6680000)
 ParOldGen       total 68608K, used 51086K [0x0000000080000000, 0x0000000084300000, 0x00000000d5580000)
  object space 68608K, 74% used [0x0000000080000000,0x00000000831e39f0,0x0000000084300000)
 Metaspace       used 60259K, committed 61632K, reserved 1114112K
  class space    used 7121K, committed 7744K, reserved 1048576K
}
Event: 31.320 GC heap after
{Heap after GC invocations=43 (full 3):
 PSYoungGen      total 14848K, used 1216K [0x00000000d5580000, 0x00000000d6600000, 0x0000000100000000)
  eden space 13312K, 0% used [0x00000000d5580000,0x00000000d5580000,0x00000000d6280000)
  from space 1536K, 79% used [0x00000000d6480000,0x00000000d65b0000,0x00000000d6600000)
  to   space 1536K, 0% used [0x00000000d6300000,0x00000000d6300000,0x00000000d6480000)
 ParOldGen       total 68608K, used 52420K [0x0000000080000000, 0x0000000084300000, 0x00000000d5580000)
  object space 68608K, 76% used [0x0000000080000000,0x0000000083331200,0x0000000084300000)
 Metaspace       used 60259K, committed 61632K, reserved 1114112K
  class space    used 7121K, committed 7744K, reserved 1048576K
}
Event: 31.420 GC heap before
{Heap before GC invocations=44 (full 3):
 PSYoungGen      total 14848K, used 14528K [0x00000000d5580000, 0x00000000d6600000, 0x0000000100000000)
  eden space 13312K, 100% used [0x00000000d5580000,0x00000000d6280000,0x00000000d6280000)
  from space 1536K, 79% used [0x00000000d6480000,0x00000000d65b0000,0x00000000d6600000)
  to   space 1536K, 0% used [0x00000000d6300000,0x00000000d6300000,0x00000000d6480000)
 ParOldGen       total 68608K, used 52420K [0x0000000080000000, 0x0000000084300000, 0x00000000d5580000)
  object space 68608K, 76% used [0x0000000080000000,0x0000000083331200,0x0000000084300000)
 Metaspace       used 60271K, committed 61632K, reserved 1114112K
  class space    used 7121K, committed 7744K, reserved 1048576K
}
Event: 31.425 GC heap after
{Heap after GC invocations=44 (full 3):
 PSYoungGen      total 14848K, used 1368K [0x00000000d5580000, 0x00000000d6580000, 0x0000000100000000)
  eden space 13312K, 0% used [0x00000000d5580000,0x00000000d5580000,0x00000000d6280000)
  from space 1536K, 89% used [0x00000000d6300000,0x00000000d6456200,0x00000000d6480000)
  to   space 1024K, 0% used [0x00000000d6480000,0x00000000d6480000,0x00000000d6580000)
 ParOldGen       total 68608K, used 53488K [0x0000000080000000, 0x0000000084300000, 0x00000000d5580000)
  object space 68608K, 77% used [0x0000000080000000,0x000000008343c210,0x0000000084300000)
 Metaspace       used 60271K, committed 61632K, reserved 1114112K
  class space    used 7121K, committed 7744K, reserved 1048576K
}
Event: 31.652 GC heap before
{Heap before GC invocations=45 (full 3):
 PSYoungGen      total 14848K, used 14680K [0x00000000d5580000, 0x00000000d6580000, 0x0000000100000000)
  eden space 13312K, 100% used [0x00000000d5580000,0x00000000d6280000,0x00000000d6280000)
  from space 1536K, 89% used [0x00000000d6300000,0x00000000d6456200,0x00000000d6480000)
  to   space 1024K, 0% used [0x00000000d6480000,0x00000000d6480000,0x00000000d6580000)
 ParOldGen       total 68608K, used 53488K [0x0000000080000000, 0x0000000084300000, 0x00000000d5580000)
  object space 68608K, 77% used [0x0000000080000000,0x000000008343c210,0x0000000084300000)
 Metaspace       used 60759K, committed 62144K, reserved 1114112K
  class space    used 7164K, committed 7808K, reserved 1048576K
}
Event: 31.656 GC heap after
{Heap after GC invocations=45 (full 3):
 PSYoungGen      total 13824K, used 1008K [0x00000000d5580000, 0x00000000d6780000, 0x0000000100000000)
  eden space 12800K, 0% used [0x00000000d5580000,0x00000000d5580000,0x00000000d6200000)
  from space 1024K, 98% used [0x00000000d6480000,0x00000000d657c050,0x00000000d6580000)
  to   space 2560K, 0% used [0x00000000d6200000,0x00000000d6200000,0x00000000d6480000)
 ParOldGen       total 68608K, used 54817K [0x0000000080000000, 0x0000000084300000, 0x00000000d5580000)
  object space 68608K, 79% used [0x0000000080000000,0x0000000083588420,0x0000000084300000)
 Metaspace       used 60759K, committed 62144K, reserved 1114112K
  class space    used 7164K, committed 7808K, reserved 1048576K
}
Event: 161.774 GC heap before
{Heap before GC invocations=46 (full 3):
 PSYoungGen      total 13824K, used 13808K [0x00000000d5580000, 0x00000000d6780000, 0x0000000100000000)
  eden space 12800K, 99% used [0x00000000d5580000,0x00000000d61fffe0,0x00000000d6200000)
  from space 1024K, 98% used [0x00000000d6480000,0x00000000d657c050,0x00000000d6580000)
  to   space 2560K, 0% used [0x00000000d6200000,0x00000000d6200000,0x00000000d6480000)
 ParOldGen       total 68608K, used 54817K [0x0000000080000000, 0x0000000084300000, 0x00000000d5580000)
  object space 68608K, 79% used [0x0000000080000000,0x0000000083588420,0x0000000084300000)
 Metaspace       used 62231K, committed 63616K, reserved 1114112K
  class space    used 7323K, committed 7936K, reserved 1048576K
}
Event: 161.807 GC heap after
{Heap after GC invocations=46 (full 3):
 PSYoungGen      total 14336K, used 1177K [0x00000000d5580000, 0x00000000d6600000, 0x0000000100000000)
  eden space 12800K, 0% used [0x00000000d5580000,0x00000000d5580000,0x00000000d6200000)
  from space 1536K, 76% used [0x00000000d6200000,0x00000000d6326490,0x00000000d6380000)
  to   space 2048K, 0% used [0x00000000d6400000,0x00000000d6400000,0x00000000d6600000)
 ParOldGen       total 68608K, used 55764K [0x0000000080000000, 0x0000000084300000, 0x00000000d5580000)
  object space 68608K, 81% used [0x0000000080000000,0x0000000083675238,0x0000000084300000)
 Metaspace       used 62231K, committed 63616K, reserved 1114112K
  class space    used 7323K, committed 7936K, reserved 1048576K
}

Dll operation events (15 events):
Event: 0.020 Loaded shared library c:\Users\name\.vscode\extensions\redhat.java-1.46.0-win32-x64\jre\21.0.8-win32-x86_64\bin\java.dll
Event: 0.177 Loaded shared library c:\Users\name\.vscode\extensions\redhat.java-1.46.0-win32-x64\jre\21.0.8-win32-x86_64\bin\zip.dll
Event: 0.207 Loaded shared library C:\Users\name\.vscode\extensions\redhat.java-1.46.0-win32-x64\jre\21.0.8-win32-x86_64\bin\instrument.dll
Event: 0.220 Loaded shared library C:\Users\name\.vscode\extensions\redhat.java-1.46.0-win32-x64\jre\21.0.8-win32-x86_64\bin\net.dll
Event: 0.226 Loaded shared library C:\Users\name\.vscode\extensions\redhat.java-1.46.0-win32-x64\jre\21.0.8-win32-x86_64\bin\nio.dll
Event: 0.234 Loaded shared library C:\Users\name\.vscode\extensions\redhat.java-1.46.0-win32-x64\jre\21.0.8-win32-x86_64\bin\zip.dll
Event: 0.253 Loaded shared library C:\Users\name\.vscode\extensions\redhat.java-1.46.0-win32-x64\jre\21.0.8-win32-x86_64\bin\jimage.dll
Event: 0.438 Loaded shared library c:\Users\name\.vscode\extensions\redhat.java-1.46.0-win32-x64\jre\21.0.8-win32-x86_64\bin\verify.dll
Event: 9.427 Loaded shared library C:\Users\name\AppData\Roaming\Code\User\globalStorage\redhat.java\1.46.0\config_win\org.eclipse.equinox.launcher\org.eclipse.equinox.launcher.win32.win32.x86_64_1.2.1400.v20250801-0854\eclipse_11916.dll
Event: 23.493 Loaded shared library D:\tmp\jna-3373707\jna4616481567327487467.dll
Event: 28.134 Loaded shared library C:\Users\name\.gradle\native\1def1411415f61bf3af743bc5b6707747c0891f09f0c88961ee8f79bc544acac\windows-amd64\native-platform.dll
Event: 29.599 Loaded shared library C:\Users\name\.vscode\extensions\redhat.java-1.46.0-win32-x64\jre\21.0.8-win32-x86_64\bin\management.dll
Event: 29.604 Loaded shared library C:\Users\name\.vscode\extensions\redhat.java-1.46.0-win32-x64\jre\21.0.8-win32-x86_64\bin\management_ext.dll
Event: 29.814 Loaded shared library C:\Users\name\.vscode\extensions\redhat.java-1.46.0-win32-x64\jre\21.0.8-win32-x86_64\bin\sunmscapi.dll
Event: 30.490 Loaded shared library C:\Users\name\.vscode\extensions\redhat.java-1.46.0-win32-x64\jre\21.0.8-win32-x86_64\bin\extnet.dll

Deoptimization events (20 events):
Event: 1143.481 Thread 0x000001a34c1ff410 DEOPT PACKING pc=0x000001a376899e44 sp=0x000000819b0feab0
Event: 1143.481 Thread 0x000001a34c1ff410 DEOPT UNPACKING pc=0x000001a376033aa2 sp=0x000000819b0fe988 mode 2
Event: 1143.483 Thread 0x000001a34c1ff410 Uncommon trap: trap_request=0xffffffc6 fr.pc=0x000001a376899e44 relative=0x0000000000000b24
Event: 1143.483 Thread 0x000001a34c1ff410 Uncommon trap: reason=bimorphic_or_optimized_type_check action=maybe_recompile pc=0x000001a376899e44 method=org.eclipse.core.internal.dtree.DeltaDataTree.lookup(Lorg/eclipse/core/runtime/IPath;)Lorg/eclipse/core/internal/dtree/DataTreeLookup; @ 96 c2
Event: 1143.483 Thread 0x000001a34c1ff410 DEOPT PACKING pc=0x000001a376899e44 sp=0x000000819b0feab0
Event: 1143.483 Thread 0x000001a34c1ff410 DEOPT UNPACKING pc=0x000001a376033aa2 sp=0x000000819b0fe988 mode 2
Event: 1143.483 Thread 0x000001a34c1ff410 Uncommon trap: trap_request=0xffffffc6 fr.pc=0x000001a376899e44 relative=0x0000000000000b24
Event: 1143.483 Thread 0x000001a34c1ff410 Uncommon trap: reason=bimorphic_or_optimized_type_check action=maybe_recompile pc=0x000001a376899e44 method=org.eclipse.core.internal.dtree.DeltaDataTree.lookup(Lorg/eclipse/core/runtime/IPath;)Lorg/eclipse/core/internal/dtree/DataTreeLookup; @ 96 c2
Event: 1143.483 Thread 0x000001a34c1ff410 DEOPT PACKING pc=0x000001a376899e44 sp=0x000000819b0fe9d0
Event: 1143.483 Thread 0x000001a34c1ff410 DEOPT UNPACKING pc=0x000001a376033aa2 sp=0x000000819b0fe8a8 mode 2
Event: 1143.483 Thread 0x000001a34c1ff410 Uncommon trap: trap_request=0xffffffc6 fr.pc=0x000001a376899e44 relative=0x0000000000000b24
Event: 1143.483 Thread 0x000001a34c1ff410 Uncommon trap: reason=bimorphic_or_optimized_type_check action=maybe_recompile pc=0x000001a376899e44 method=org.eclipse.core.internal.dtree.DeltaDataTree.lookup(Lorg/eclipse/core/runtime/IPath;)Lorg/eclipse/core/internal/dtree/DataTreeLookup; @ 96 c2
Event: 1143.484 Thread 0x000001a34c1ff410 DEOPT PACKING pc=0x000001a376899e44 sp=0x000000819b0fea30
Event: 1143.484 Thread 0x000001a34c1ff410 DEOPT UNPACKING pc=0x000001a376033aa2 sp=0x000000819b0fe908 mode 2
Event: 1243.862 Thread 0x000001a34c1ff410 Uncommon trap: trap_request=0xffffffcc fr.pc=0x000001a3768cc56c relative=0x000000000000022c
Event: 1243.862 Thread 0x000001a34c1ff410 Uncommon trap: reason=intrinsic_or_type_checked_inlining action=make_not_entrant pc=0x000001a3768cc56c method=java.util.ArrayList.toArray([Ljava/lang/Object;)[Ljava/lang/Object; @ 36 c2
Event: 1243.862 Thread 0x000001a34c1ff410 DEOPT PACKING pc=0x000001a3768cc56c sp=0x000000819b0fe9f0
Event: 1243.862 Thread 0x000001a34c1ff410 DEOPT UNPACKING pc=0x000001a376033aa2 sp=0x000000819b0fe9a0 mode 2
Event: 1443.562 Thread 0x000001a34aabd130 DEOPT PACKING pc=0x000001a36f78125e sp=0x000000819a0feb90
Event: 1443.562 Thread 0x000001a34aabd130 DEOPT UNPACKING pc=0x000001a376034242 sp=0x000000819a0fe0e8 mode 0

Classes loaded (20 events):
Event: 161.494 Loading class java/io/SequenceInputStream
Event: 161.494 Loading class java/io/SequenceInputStream done
Event: 161.920 Loading class java/util/zip/CheckedInputStream
Event: 161.920 Loading class java/util/zip/CheckedInputStream done
Event: 461.620 Loading class java/util/stream/Nodes$CollectorTask$OfRef
Event: 461.622 Loading class java/util/stream/Nodes$CollectorTask
Event: 461.623 Loading class java/util/stream/Nodes$CollectorTask done
Event: 461.623 Loading class java/util/stream/Nodes$CollectorTask$OfRef done
Event: 461.625 Loading class java/util/function/LongFunction
Event: 461.625 Loading class java/util/function/LongFunction done
Event: 461.626 Loading class java/util/stream/Nodes$ConcNode
Event: 461.627 Loading class java/util/stream/Nodes$AbstractConcNode
Event: 461.628 Loading class java/util/stream/Nodes$AbstractConcNode done
Event: 461.628 Loading class java/util/stream/Nodes$ConcNode done
Event: 461.663 Loading class java/io/ObjectOutputStream$BlockDataOutputStream
Event: 461.663 Loading class java/io/ObjectOutputStream$BlockDataOutputStream done
Event: 461.664 Loading class java/io/ObjectOutputStream$HandleTable
Event: 461.664 Loading class java/io/ObjectOutputStream$HandleTable done
Event: 461.664 Loading class java/io/ObjectOutputStream$ReplaceTable
Event: 461.664 Loading class java/io/ObjectOutputStream$ReplaceTable done

Classes unloaded (7 events):
Event: 24.434 Thread 0x000001a37e342c70 Unloading class 0x000001a3051a9400 'java/lang/invoke/LambdaForm$MH+0x000001a3051a9400'
Event: 24.434 Thread 0x000001a37e342c70 Unloading class 0x000001a3051a9000 'java/lang/invoke/LambdaForm$MH+0x000001a3051a9000'
Event: 24.434 Thread 0x000001a37e342c70 Unloading class 0x000001a3051a8c00 'java/lang/invoke/LambdaForm$MH+0x000001a3051a8c00'
Event: 24.434 Thread 0x000001a37e342c70 Unloading class 0x000001a3051a8800 'java/lang/invoke/LambdaForm$MH+0x000001a3051a8800'
Event: 24.434 Thread 0x000001a37e342c70 Unloading class 0x000001a3051a8400 'java/lang/invoke/LambdaForm$BMH+0x000001a3051a8400'
Event: 24.434 Thread 0x000001a37e342c70 Unloading class 0x000001a3051a8000 'java/lang/invoke/LambdaForm$DMH+0x000001a3051a8000'
Event: 24.434 Thread 0x000001a37e342c70 Unloading class 0x000001a3051a6c00 'java/lang/invoke/LambdaForm$DMH+0x000001a3051a6c00'

Classes redefined (0 events):
No events

Internal exceptions (20 events):
Event: 31.493 Thread 0x000001a34c201b70 Exception <a 'sun/nio/fs/WindowsException'{0x00000000d5ebf8f8}> (0x00000000d5ebf8f8) 
thrown [s\src\hotspot\share\prims\jni.cpp, line 520]
Event: 31.493 Thread 0x000001a34c201b70 Exception <a 'sun/nio/fs/WindowsException'{0x00000000d5ec01d8}> (0x00000000d5ec01d8) 
thrown [s\src\hotspot\share\prims\jni.cpp, line 520]
Event: 31.520 Thread 0x000001a34c200130 Exception <a 'sun/nio/fs/WindowsException'{0x00000000d60ddc18}> (0x00000000d60ddc18) 
thrown [s\src\hotspot\share\prims\jni.cpp, line 520]
Event: 31.520 Thread 0x000001a34c200130 Exception <a 'sun/nio/fs/WindowsException'{0x00000000d60de4f8}> (0x00000000d60de4f8) 
thrown [s\src\hotspot\share\prims\jni.cpp, line 520]
Event: 161.396 Thread 0x000001a34c1ff410 Exception <a 'sun/nio/fs/WindowsException'{0x00000000d5c2fa20}> (0x00000000d5c2fa20) 
thrown [s\src\hotspot\share\prims\jni.cpp, line 520]
Event: 161.396 Thread 0x000001a34c1ff410 Exception <a 'sun/nio/fs/WindowsException'{0x00000000d5c30320}> (0x00000000d5c30320) 
thrown [s\src\hotspot\share\prims\jni.cpp, line 520]
Event: 161.441 Thread 0x000001a34c1ff410 Exception <a 'java/lang/NoSuchMethodError'{0x00000000d5c83778}: 'java.lang.Object java.lang.invoke.DirectMethodHandle$Holder.invokeStatic(java.lang.Object, java.lang.Object, int, java.lang.Object)'> (0x00000000d5c83778) 
thrown [s\src\hotspot\share\interpreter\linkResolver.cpp, line 773]
Event: 161.443 Thread 0x000001a34c1ff410 Exception <a 'java/lang/NoSuchMethodError'{0x00000000d5c8a810}: 'java.lang.Object java.lang.invoke.DirectMethodHandle$Holder.newInvokeSpecial(java.lang.Object, java.lang.Object, int)'> (0x00000000d5c8a810) 
thrown [s\src\hotspot\share\interpreter\linkResolver.cpp, line 773]
Event: 161.528 Thread 0x000001a34c1ff410 Exception <a 'java/io/FileNotFoundException'{0x00000000d5eff840}> (0x00000000d5eff840) 
thrown [s\src\hotspot\share\prims\jni.cpp, line 520]
Event: 161.530 Thread 0x000001a34c1ff410 Exception <a 'java/io/FileNotFoundException'{0x00000000d5f00aa0}> (0x00000000d5f00aa0) 
thrown [s\src\hotspot\share\prims\jni.cpp, line 520]
Event: 161.738 Thread 0x000001a34aabb6f0 Exception <a 'java/io/FileNotFoundException'{0x00000000d60df448}> (0x00000000d60df448) 
thrown [s\src\hotspot\share\prims\jni.cpp, line 520]
Event: 161.739 Thread 0x000001a34aabb6f0 Exception <a 'java/io/FileNotFoundException'{0x00000000d60e0ba8}> (0x00000000d60e0ba8) 
thrown [s\src\hotspot\share\prims\jni.cpp, line 520]
Event: 161.739 Thread 0x000001a34aabb6f0 Exception <a 'java/io/FileNotFoundException'{0x00000000d60e2050}> (0x00000000d60e2050) 
thrown [s\src\hotspot\share\prims\jni.cpp, line 520]
Event: 461.644 Thread 0x000001a34aabd130 Exception <a 'sun/nio/fs/WindowsException'{0x00000000d58818f0}> (0x00000000d58818f0) 
thrown [s\src\hotspot\share\prims\jni.cpp, line 520]
Event: 461.644 Thread 0x000001a34aabd130 Exception <a 'sun/nio/fs/WindowsException'{0x00000000d58821d0}> (0x00000000d58821d0) 
thrown [s\src\hotspot\share\prims\jni.cpp, line 520]
Event: 461.678 Thread 0x000001a34aabd130 Exception <a 'java/lang/NoSuchMethodError'{0x00000000d58d8d78}: 'java.lang.Object java.lang.invoke.DirectMethodHandle$Holder.newInvokeSpecial(java.lang.Object, java.lang.Object, java.lang.Object, java.lang.Object, java.lang.Object, java.lang.Object, java.lang.Object, java.lang.Object)'> (0x00000000d58d8d78) 
thrown [s\src\hotspot\share\interpreter\linkResolver.cpp, line 773]
Event: 801.039 Thread 0x000001a34aabd130 Exception <a 'sun/nio/fs/WindowsException'{0x00000000d59fb9e8}> (0x00000000d59fb9e8) 
thrown [s\src\hotspot\share\prims\jni.cpp, line 520]
Event: 801.040 Thread 0x000001a34aabd130 Exception <a 'sun/nio/fs/WindowsException'{0x00000000d59fc520}> (0x00000000d59fc520) 
thrown [s\src\hotspot\share\prims\jni.cpp, line 520]
Event: 1443.560 Thread 0x000001a34aabd130 Exception <a 'sun/nio/fs/WindowsException'{0x00000000d5f5aee0}> (0x00000000d5f5aee0) 
thrown [s\src\hotspot\share\prims\jni.cpp, line 520]
Event: 1443.560 Thread 0x000001a34aabd130 Exception <a 'sun/nio/fs/WindowsException'{0x00000000d5f5ba80}> (0x00000000d5f5ba80) 
thrown [s\src\hotspot\share\prims\jni.cpp, line 520]

ZGC Phase Switch (0 events):
No events

VM Operations (20 events):
Event: 1924.112 Executing VM operation: RendezvousGCThreads
Event: 1924.112 Executing VM operation: RendezvousGCThreads done
Event: 1984.180 Executing VM operation: HandshakeAllThreads (HandshakeForDeflation)
Event: 1984.180 Executing VM operation: HandshakeAllThreads (HandshakeForDeflation) done
Event: 1984.180 Executing VM operation: RendezvousGCThreads
Event: 1984.180 Executing VM operation: RendezvousGCThreads done
Event: 2044.183 Executing VM operation: HandshakeAllThreads (HandshakeForDeflation)
Event: 2044.184 Executing VM operation: HandshakeAllThreads (HandshakeForDeflation) done
Event: 2044.184 Executing VM operation: RendezvousGCThreads
Event: 2044.184 Executing VM operation: RendezvousGCThreads done
Event: 2124.473 Executing VM operation: Cleanup
Event: 2124.474 Executing VM operation: Cleanup done
Event: 2164.319 Executing VM operation: HandshakeAllThreads (HandshakeForDeflation)
Event: 2164.319 Executing VM operation: HandshakeAllThreads (HandshakeForDeflation) done
Event: 2164.319 Executing VM operation: RendezvousGCThreads
Event: 2164.319 Executing VM operation: RendezvousGCThreads done
Event: 2224.422 Executing VM operation: HandshakeAllThreads (HandshakeForDeflation)
Event: 2224.423 Executing VM operation: HandshakeAllThreads (HandshakeForDeflation) done
Event: 2224.423 Executing VM operation: RendezvousGCThreads
Event: 2224.423 Executing VM operation: RendezvousGCThreads done

Memory protections (0 events):
No events

Nmethod flushes (20 events):
Event: 30.639 Thread 0x000001a37e342c70 flushing  nmethod 0x000001a36f2ed490
Event: 30.639 Thread 0x000001a37e342c70 flushing  nmethod 0x000001a36f307690
Event: 30.639 Thread 0x000001a37e342c70 flushing  nmethod 0x000001a36f309790
Event: 30.639 Thread 0x000001a37e342c70 flushing  nmethod 0x000001a36f30af10
Event: 30.639 Thread 0x000001a37e342c70 flushing  nmethod 0x000001a36f30b310
Event: 30.639 Thread 0x000001a37e342c70 flushing  nmethod 0x000001a36f30d010
Event: 30.639 Thread 0x000001a37e342c70 flushing  nmethod 0x000001a36f30d410
Event: 30.639 Thread 0x000001a37e342c70 flushing  nmethod 0x000001a36f30e510
Event: 30.639 Thread 0x000001a37e342c70 flushing  nmethod 0x000001a36f311510
Event: 30.639 Thread 0x000001a37e342c70 flushing  nmethod 0x000001a36f327510
Event: 30.639 Thread 0x000001a37e342c70 flushing  nmethod 0x000001a36f328710
Event: 30.639 Thread 0x000001a37e342c70 flushing  nmethod 0x000001a36f329690
Event: 30.639 Thread 0x000001a37e342c70 flushing  nmethod 0x000001a36f333410
Event: 30.639 Thread 0x000001a37e342c70 flushing  nmethod 0x000001a36f334490
Event: 30.639 Thread 0x000001a37e342c70 flushing  nmethod 0x000001a36f334d90
Event: 30.639 Thread 0x000001a37e342c70 flushing  nmethod 0x000001a36f337490
Event: 30.639 Thread 0x000001a37e342c70 flushing  nmethod 0x000001a36f338890
Event: 30.639 Thread 0x000001a37e342c70 flushing  nmethod 0x000001a36f338c90
Event: 30.639 Thread 0x000001a37e342c70 flushing  nmethod 0x000001a36f339310
Event: 30.639 Thread 0x000001a37e342c70 flushing  nmethod 0x000001a36f33e110

Events (20 events):
Event: 91.621 Thread 0x000001a34aabb060 Thread exited: 0x000001a34aabb060
Event: 91.635 Thread 0x000001a34aabd7c0 Thread exited: 0x000001a34aabd7c0
Event: 170.371 Thread 0x000001a34c201b70 Thread exited: 0x000001a34c201b70
Event: 230.377 Thread 0x000001a34c1fa550 Thread exited: 0x000001a34c1fa550
Event: 290.390 Thread 0x000001a34c1ffaa0 Thread exited: 0x000001a34c1ffaa0
Event: 350.392 Thread 0x000001a34c1fd340 Thread exited: 0x000001a34c1fd340
Event: 461.614 Thread 0x000001a34aabd130 Thread added: 0x000001a34c1fe6f0
Event: 461.629 Thread 0x000001a34c1fe6f0 Thread exited: 0x000001a34c1fe6f0
Event: 461.648 Thread 0x000001a34aabd130 Thread added: 0x000001a34c1fd340
Event: 461.650 Thread 0x000001a34c1fd340 Thread exited: 0x000001a34c1fd340
Event: 801.038 Thread 0x000001a34aabd130 Thread added: 0x000001a34c1fd9d0
Event: 801.039 Thread 0x000001a34c1fd9d0 Thread exited: 0x000001a34c1fd9d0
Event: 801.041 Thread 0x000001a34aabd130 Thread added: 0x000001a34c1fa550
Event: 801.041 Thread 0x000001a34c1fa550 Thread exited: 0x000001a34c1fa550
Event: 1143.506 Thread 0x000001a37e351a90 Thread added: 0x000001a37f85cf00
Event: 1143.625 Thread 0x000001a37f85cf00 Thread exited: 0x000001a37f85cf00
Event: 1443.555 Thread 0x000001a34aabd130 Thread added: 0x000001a34c1ffaa0
Event: 1443.556 Thread 0x000001a34c1ffaa0 Thread exited: 0x000001a34c1ffaa0
Event: 1443.564 Thread 0x000001a34aabd130 Thread added: 0x000001a34c1ffaa0
Event: 1443.565 Thread 0x000001a34c1ffaa0 Thread exited: 0x000001a34c1ffaa0


Dynamic libraries:
0x00007ff6ea8a0000 - 0x00007ff6ea8ae000 	c:\Users\name\.vscode\extensions\redhat.java-1.46.0-win32-x64\jre\21.0.8-win32-x86_64\bin\java.exe
0x00007ff87f070000 - 0x00007ff87f287000 	C:\WINDOWS\SYSTEM32\ntdll.dll
0x00007ff87cef0000 - 0x00007ff87cfb4000 	C:\WINDOWS\System32\KERNEL32.DLL
0x00007ff87c350000 - 0x00007ff87c720000 	C:\WINDOWS\System32\KERNELBASE.dll
0x00007ff875940000 - 0x00007ff8759d7000 	C:\WINDOWS\SYSTEM32\apphelp.dll
0x00007ff87cb80000 - 0x00007ff87cc91000 	C:\WINDOWS\System32\ucrtbase.dll
0x00007fffe2b40000 - 0x00007fffe2b58000 	c:\Users\name\.vscode\extensions\redhat.java-1.46.0-win32-x64\jre\21.0.8-win32-x86_64\bin\jli.dll
0x00007ff87ec50000 - 0x00007ff87ee01000 	C:\WINDOWS\System32\USER32.dll
0x00007fffe2b20000 - 0x00007fffe2b3e000 	c:\Users\name\.vscode\extensions\redhat.java-1.46.0-win32-x64\jre\21.0.8-win32-x86_64\bin\VCRUNTIME140.dll
0x00007ff87ccd0000 - 0x00007ff87ccf6000 	C:\WINDOWS\System32\win32u.dll
0x00007ff87d210000 - 0x00007ff87d239000 	C:\WINDOWS\System32\GDI32.dll
0x00007ff87c720000 - 0x00007ff87c843000 	C:\WINDOWS\System32\gdi32full.dll
0x00007ff87b4c0000 - 0x00007ff87b75c000 	C:\WINDOWS\WinSxS\amd64_microsoft.windows.common-controls_6595b64144ccf1df_6.0.22621.5840_none_2710ea077384a4fe\COMCTL32.dll
0x00007ff87c170000 - 0x00007ff87c20a000 	C:\WINDOWS\System32\msvcp_win.dll
0x00007ff87ee80000 - 0x00007ff87ef27000 	C:\WINDOWS\System32\msvcrt.dll
0x00007ff87eff0000 - 0x00007ff87f021000 	C:\WINDOWS\System32\IMM32.DLL
0x00007ff86a400000 - 0x00007ff86a40c000 	c:\Users\name\.vscode\extensions\redhat.java-1.46.0-win32-x64\jre\21.0.8-win32-x86_64\bin\vcruntime140_1.dll
0x00007fffe26e0000 - 0x00007fffe276d000 	c:\Users\name\.vscode\extensions\redhat.java-1.46.0-win32-x64\jre\21.0.8-win32-x86_64\bin\msvcp140.dll
0x00007fffc2e20000 - 0x00007fffc3bb7000 	c:\Users\name\.vscode\extensions\redhat.java-1.46.0-win32-x64\jre\21.0.8-win32-x86_64\bin\server\jvm.dll
0x00007ff87e6d0000 - 0x00007ff87e781000 	C:\WINDOWS\System32\ADVAPI32.dll
0x00007ff87ef30000 - 0x00007ff87efd8000 	C:\WINDOWS\System32\sechost.dll
0x00007ff87cca0000 - 0x00007ff87ccc8000 	C:\WINDOWS\System32\bcrypt.dll
0x00007ff87cfc0000 - 0x00007ff87d0d8000 	C:\WINDOWS\System32\RPCRT4.dll
0x00007ff87dc60000 - 0x00007ff87dcd1000 	C:\WINDOWS\System32\WS2_32.dll
0x00007ff87ba80000 - 0x00007ff87bacd000 	C:\WINDOWS\SYSTEM32\POWRPROF.dll
0x00007ff873700000 - 0x00007ff873734000 	C:\WINDOWS\SYSTEM32\WINMM.dll
0x00007ff8725a0000 - 0x00007ff8725aa000 	C:\WINDOWS\SYSTEM32\VERSION.dll
0x00007ff87b950000 - 0x00007ff87b963000 	C:\WINDOWS\SYSTEM32\UMPDC.dll
0x00007ff87aa90000 - 0x00007ff87aaa8000 	C:\WINDOWS\SYSTEM32\kernel.appcore.dll
0x00007ff84af90000 - 0x00007ff84af9a000 	c:\Users\name\.vscode\extensions\redhat.java-1.46.0-win32-x64\jre\21.0.8-win32-x86_64\bin\jimage.dll
0x00007ff87bad0000 - 0x00007ff87bd03000 	C:\WINDOWS\SYSTEM32\DBGHELP.DLL
0x00007ff87deb0000 - 0x00007ff87e241000 	C:\WINDOWS\System32\combase.dll
0x00007ff87ce10000 - 0x00007ff87cee8000 	C:\WINDOWS\System32\OLEAUT32.dll
0x00007ff87b970000 - 0x00007ff87b9a2000 	C:\WINDOWS\SYSTEM32\dbgcore.DLL
0x00007ff87ca40000 - 0x00007ff87cabb000 	C:\WINDOWS\System32\bcryptPrimitives.dll
0x00007ff86a2d0000 - 0x00007ff86a2df000 	c:\Users\name\.vscode\extensions\redhat.java-1.46.0-win32-x64\jre\21.0.8-win32-x86_64\bin\instrument.dll
0x00007fffe2b00000 - 0x00007fffe2b1f000 	c:\Users\name\.vscode\extensions\redhat.java-1.46.0-win32-x64\jre\21.0.8-win32-x86_64\bin\java.dll
0x00007ff87d240000 - 0x00007ff87dae1000 	C:\WINDOWS\System32\SHELL32.dll
0x00007ff87c210000 - 0x00007ff87c34f000 	C:\WINDOWS\System32\wintypes.dll
0x00007ff8795c0000 - 0x00007ff879eda000 	C:\WINDOWS\SYSTEM32\windows.storage.dll
0x00007ff87e910000 - 0x00007ff87ea1a000 	C:\WINDOWS\System32\SHCORE.dll
0x00007ff87e790000 - 0x00007ff87e7f9000 	C:\WINDOWS\System32\shlwapi.dll
0x00007ff87c0a0000 - 0x00007ff87c0c5000 	C:\WINDOWS\SYSTEM32\profapi.dll
0x00007fffe2ae0000 - 0x00007fffe2af8000 	c:\Users\name\.vscode\extensions\redhat.java-1.46.0-win32-x64\jre\21.0.8-win32-x86_64\bin\zip.dll
0x00007ff84aa80000 - 0x00007ff84aa90000 	C:\Users\name\.vscode\extensions\redhat.java-1.46.0-win32-x64\jre\21.0.8-win32-x86_64\bin\net.dll
0x00007ff8763e0000 - 0x00007ff87650c000 	C:\WINDOWS\SYSTEM32\WINHTTP.dll
0x00007ff87af10000 - 0x00007ff87af79000 	C:\WINDOWS\system32\mswsock.dll
0x00007fffe26c0000 - 0x00007fffe26d6000 	C:\Users\name\.vscode\extensions\redhat.java-1.46.0-win32-x64\jre\21.0.8-win32-x86_64\bin\nio.dll
0x00007ff82afa0000 - 0x00007ff82afb0000 	c:\Users\name\.vscode\extensions\redhat.java-1.46.0-win32-x64\jre\21.0.8-win32-x86_64\bin\verify.dll
0x00007ff83ae80000 - 0x00007ff83aec4000 	C:\Users\name\AppData\Roaming\Code\User\globalStorage\redhat.java\1.46.0\config_win\org.eclipse.equinox.launcher\org.eclipse.equinox.launcher.win32.win32.x86_64_1.2.1400.v20250801-0854\eclipse_11916.dll
0x00007ff87ea90000 - 0x00007ff87ec30000 	C:\WINDOWS\System32\ole32.dll
0x00007ff87be10000 - 0x00007ff87be2b000 	C:\WINDOWS\SYSTEM32\CRYPTSP.dll
0x00007ff87a9f0000 - 0x00007ff87aa27000 	C:\WINDOWS\system32\rsaenh.dll
0x00007ff87afb0000 - 0x00007ff87afd8000 	C:\WINDOWS\SYSTEM32\USERENV.dll
0x00007ff87b110000 - 0x00007ff87b11c000 	C:\WINDOWS\SYSTEM32\CRYPTBASE.dll
0x00007ff87a390000 - 0x00007ff87a3bd000 	C:\WINDOWS\SYSTEM32\IPHLPAPI.DLL
0x00007ff87daf0000 - 0x00007ff87daf9000 	C:\WINDOWS\System32\NSI.dll
0x00007ff863ad0000 - 0x00007ff863b19000 	D:\tmp\jna-3373707\jna4616481567327487467.dll
0x00007ff87efe0000 - 0x00007ff87efe8000 	C:\WINDOWS\System32\PSAPI.DLL
0x00007ff876c10000 - 0x00007ff876c29000 	C:\WINDOWS\SYSTEM32\dhcpcsvc6.DLL
0x00007ff876bf0000 - 0x00007ff876c0f000 	C:\WINDOWS\SYSTEM32\dhcpcsvc.DLL
0x00007ff86a1f0000 - 0x00007ff86a217000 	C:\Users\name\.gradle\native\1def1411415f61bf3af743bc5b6707747c0891f09f0c88961ee8f79bc544acac\windows-amd64\native-platform.dll
0x00007ff82af40000 - 0x00007ff82af4a000 	C:\Users\name\.vscode\extensions\redhat.java-1.46.0-win32-x64\jre\21.0.8-win32-x86_64\bin\management.dll
0x00007ff805700000 - 0x00007ff80570b000 	C:\Users\name\.vscode\extensions\redhat.java-1.46.0-win32-x64\jre\21.0.8-win32-x86_64\bin\management_ext.dll
0x00007ff8056b0000 - 0x00007ff8056be000 	C:\Users\name\.vscode\extensions\redhat.java-1.46.0-win32-x64\jre\21.0.8-win32-x86_64\bin\sunmscapi.dll
0x00007ff87c8d0000 - 0x00007ff87ca38000 	C:\WINDOWS\System32\CRYPT32.dll
0x00007ff87b3a0000 - 0x00007ff87b3cd000 	C:\WINDOWS\SYSTEM32\ncrypt.dll
0x00007ff87b360000 - 0x00007ff87b397000 	C:\WINDOWS\SYSTEM32\NTASN1.dll
0x00007ff87a3c0000 - 0x00007ff87a4b8000 	C:\WINDOWS\SYSTEM32\DNSAPI.dll
0x00007ff875ef0000 - 0x00007ff875efa000 	C:\Windows\System32\rasadhlp.dll
0x00007ff874390000 - 0x00007ff874414000 	C:\WINDOWS\System32\fwpuclnt.dll
0x00007ff800010000 - 0x00007ff800019000 	C:\Users\name\.vscode\extensions\redhat.java-1.46.0-win32-x64\jre\21.0.8-win32-x86_64\bin\extnet.dll

JVMTI agents:
c:\Users\name\.vscode\extensions\redhat.java-1.46.0-win32-x64\lombok\lombok-1.18.39-4050.jar path:c:\Users\name\.vscode\extensions\redhat.java-1.46.0-win32-x64\jre\21.0.8-win32-x86_64\bin\instrument.dll, loaded, initialized, instrumentlib options:none

dbghelp: loaded successfully - version: 4.0.5 - missing functions: none
symbol engine: initialized successfully - sym options: 0x614 - pdb path: .;c:\Users\name\.vscode\extensions\redhat.java-1.46.0-win32-x64\jre\21.0.8-win32-x86_64\bin;C:\WINDOWS\SYSTEM32;C:\WINDOWS\WinSxS\amd64_microsoft.windows.common-controls_6595b64144ccf1df_6.0.22621.5840_none_2710ea077384a4fe;c:\Users\name\.vscode\extensions\redhat.java-1.46.0-win32-x64\jre\21.0.8-win32-x86_64\bin\server;C:\Users\name\AppData\Roaming\Code\User\globalStorage\redhat.java\1.46.0\config_win\org.eclipse.equinox.launcher\org.eclipse.equinox.launcher.win32.win32.x86_64_1.2.1400.v20250801-0854;D:\tmp\jna-3373707;C:\Users\name\.gradle\native\1def1411415f61bf3af743bc5b6707747c0891f09f0c88961ee8f79bc544acac\windows-amd64

VM Arguments:
jvm_args: --add-modules=ALL-SYSTEM --add-opens=java.base/java.util=ALL-UNNAMED --add-opens=java.base/java.lang=ALL-UNNAMED --add-opens=java.base/sun.nio.fs=ALL-UNNAMED -Declipse.application=org.eclipse.jdt.ls.core.id1 -Dosgi.bundles.defaultStartLevel=4 -Declipse.product=org.eclipse.jdt.ls.core.product -Djava.import.generatesMetadataFilesAtProjectRoot=false -DDetectVMInstallationsJob.disabled=true -Dfile.encoding=utf8 -XX:+UseParallelGC -XX:GCTimeRatio=4 -XX:AdaptiveSizePolicyWeight=90 -Dsun.zip.disableMemoryMapping=true -Xmx2G -Xms100m -Xlog:disable -javaagent:c:\Users\name\.vscode\extensions\redhat.java-1.46.0-win32-x64\lombok\lombok-1.18.39-4050.jar -XX:+HeapDumpOnOutOfMemoryError -XX:HeapDumpPath=c:\Users\name\AppData\Roaming\Code\User\workspaceStorage\c410a81d827806d535e6576b0dcfe359\redhat.java -Daether.dependencyCollector.impl=bf 
java_command: c:\Users\name\.vscode\extensions\redhat.java-1.46.0-win32-x64\server\plugins\org.eclipse.equinox.launcher_1.7.0.v20250519-0528.jar -configuration c:\Users\name\AppData\Roaming\Code\User\globalStorage\redhat.java\1.46.0\config_win -data c:\Users\name\AppData\Roaming\Code\User\workspaceStorage\c410a81d827806d535e6576b0dcfe359\redhat.java\jdt_ws --pipe=\\.\pipe\lsp-8f2022c813999fd12e04d0df04da2e2f-sock
java_class_path (initial): c:\Users\name\.vscode\extensions\redhat.java-1.46.0-win32-x64\server\plugins\org.eclipse.equinox.launcher_1.7.0.v20250519-0528.jar
Launcher Type: SUN_STANDARD

[Global flags]
    uintx AdaptiveSizePolicyWeight                 = 90                                        {product} {command line}
     intx CICompilerCount                          = 4                                         {product} {ergonomic}
    uintx GCTimeRatio                              = 4                                         {product} {command line}
     bool HeapDumpOnOutOfMemoryError               = true                                   {manageable} {command line}
    ccstr HeapDumpPath                             = c:\Users\name\AppData\Roaming\Code\User\workspaceStorage\c410a81d827806d535e6576b0dcfe359\redhat.java         {manageable} {command line}
   size_t InitialHeapSize                          = 104857600                                 {product} {command line}
   size_t MaxHeapSize                              = 2147483648                                {product} {command line}
   size_t MaxNewSize                               = 715653120                                 {product} {ergonomic}
   size_t MinHeapDeltaBytes                        = 524288                                    {product} {ergonomic}
   size_t MinHeapSize                              = 104857600                                 {product} {command line}
   size_t NewSize                                  = 34603008                                  {product} {ergonomic}
    uintx NonNMethodCodeHeapSize                   = 5839372                                {pd product} {ergonomic}
    uintx NonProfiledCodeHeapSize                  = 122909434                              {pd product} {ergonomic}
   size_t OldSize                                  = 70254592                                  {product} {ergonomic}
    uintx ProfiledCodeHeapSize                     = 122909434                              {pd product} {ergonomic}
    uintx ReservedCodeCacheSize                    = 251658240                              {pd product} {ergonomic}
     bool SegmentedCodeCache                       = true                                      {product} {ergonomic}
   size_t SoftMaxHeapSize                          = 2147483648                             {manageable} {ergonomic}
     bool UseCompressedOops                        = true                           {product lp64_product} {ergonomic}
     bool UseLargePagesIndividualAllocation        = false                                  {pd product} {ergonomic}
     bool UseParallelGC                            = true                                      {product} {command line}

Logging:
Log output configuration:
 #0: stdout all=off uptime,level,tags foldmultilines=false
 #1: stderr all=off uptime,level,tags foldmultilines=false

Environment Variables:
PATH=C:\Program Files (x86)\VMware\VMware Workstation\bin\;C:\xampp\php;C:\xampp\php;C:\Program Files\Common Files\Oracle\Java\javapath;C:\Program Files (x86)\Common Files\Oracle\Java\java8path;C:\Program Files (x86)\Common Files\Oracle\Java\javapath;C:\ProgramData\Oracle\Java\javapath;C:\Windows\system32;C:\Windows;C:\Windows\System32\Wbem;C:\Windows\System32\WindowsPowerShell\v1.0\;C:\Windows\System32\OpenSSH\;C:\Program Files (x86)\NVIDIA Corporation\PhysX\Common;C:\WINDOWS\system32;C:\WINDOWS;C:\WINDOWS\System32\Wbem;C:\WINDOWS\System32\WindowsPowerShell\v1.0\;C:\WINDOWS\System32\OpenSSH\;C:\Program Files (x86)\Microsoft SQL Server\160\Tools\Binn\;C:\Program Files\Microsoft SQL Server\160\Tools\Binn\;C:\Program Files\Microsoft SQL Server\Client SDK\ODBC\170\Tools\Binn\;C:\Program Files\Microsoft SQL Server\160\DTS\Binn\;E:\apache-maven-3.9.9-bin;C:\Program Files\Cloudflare\Cloudflare WARP\;C:\Users\name\AppData\Local\nvm;C:\nvm4w\nodejs;C:\Program Files\NVIDIA Corporation\NVIDIA app\NvDLISR;C:\Program Files\PostgreSQL\17\bin;C:\ProgramData\ComposerSetup\bin;C:\Program Files\Docker\Docker\resources\bin;E:\Git\cmd;C:\Users\name\AppData\Local\Microsoft\WindowsApps;C:\Users\name\AppData\Local\Programs\Microsoft VS Code\bin;C:\Users\name\AppData\Roaming\npm;C:\Users\name\AppData\Local\nvm;C:\nvm4w\nodejs;D:\npm-global;C:\Users\name\AppData\Local\Programs\cursor\resources\app\bin;C:\Users\name\AppData\Roaming\Composer\vendor\bin
USERNAME=name
OS=Windows_NT
PROCESSOR_IDENTIFIER=AMD64 Family 25 Model 80 Stepping 0, AuthenticAMD
TMP=D:\tmp
TEMP=C:\Users\name\AppData\Local\Temp




Periodic native trim disabled

---------------  S Y S T E M  ---------------

OS:
 Windows 11 , 64 bit Build 22621 (10.0.22621.5415)
OS uptime: 0 days 5:02 hours
Hyper-V role detected

CPU: total 12 (initial active 12) (12 cores per cpu, 2 threads per core) family 25 model 80 stepping 0 microcode 0x0, cx8, cmov, fxsr, ht, mmx, 3dnowpref, sse, sse2, sse3, ssse3, sse4a, sse4.1, sse4.2, popcnt, lzcnt, tsc, tscinvbit, avx, avx2, aes, erms, clmul, bmi1, bmi2, adx, sha, fma, vzeroupper, clflush, clflushopt, hv, rdtscp, rdpid, fsrm, f16c, cet_ss
Processor Information for the first 12 processors :
  Max Mhz: 3301, Current Mhz: 3301, Mhz Limit: 3301

Memory: 4k page, system-wide physical 7532M (1047M free)
TotalPageFile size 20500M (AvailPageFile size 96M)
current process WorkingSet (physical memory assigned to process): 12M, peak: 269M
current process commit charge ("private bytes"): 347M, peak: 368M

vm_info: OpenJDK 64-Bit Server VM (21.0.8+9-LTS) for windows-amd64 JRE (21.0.8+9-LTS), built on 2025-07-15T00:00:00Z by "admin" with MS VC++ 17.7 (VS2022)

END.
